Component: ARM Compiler 5.06 update 7 (build 960) Tool: armlink [4d3601]

==============================================================================

Section Cross References

    startup_stm32f405xx.o(STACK) refers (Special) to heapauxi.o(.text) for __use_two_region_memory
    startup_stm32f405xx.o(HEAP) refers (Special) to heapauxi.o(.text) for __use_two_region_memory
    startup_stm32f405xx.o(RESET) refers (Special) to heapauxi.o(.text) for __use_two_region_memory
    startup_stm32f405xx.o(RESET) refers to startup_stm32f405xx.o(STACK) for __initial_sp
    startup_stm32f405xx.o(RESET) refers to startup_stm32f405xx.o(.text) for Reset_Handler
    startup_stm32f405xx.o(RESET) refers to stm32f4xx_it.o(i.NMI_Handler) for NMI_Handler
    startup_stm32f405xx.o(RESET) refers to stm32f4xx_it.o(i.HardFault_Handler) for HardFault_Handler
    startup_stm32f405xx.o(RESET) refers to stm32f4xx_it.o(i.MemManage_Handler) for MemManage_Handler
    startup_stm32f405xx.o(RESET) refers to stm32f4xx_it.o(i.BusFault_Handler) for BusFault_Handler
    startup_stm32f405xx.o(RESET) refers to stm32f4xx_it.o(i.UsageFault_Handler) for UsageFault_Handler
    startup_stm32f405xx.o(RESET) refers to port.o(.emb_text) for SVC_Handler
    startup_stm32f405xx.o(RESET) refers to stm32f4xx_it.o(i.DebugMon_Handler) for DebugMon_Handler
    startup_stm32f405xx.o(RESET) refers to cmsis_os2.o(i.SysTick_Handler) for SysTick_Handler
    startup_stm32f405xx.o(RESET) refers to stm32f4xx_it.o(i.CAN1_RX0_IRQHandler) for CAN1_RX0_IRQHandler
    startup_stm32f405xx.o(RESET) refers to stm32f4xx_it.o(i.TIM1_UP_TIM10_IRQHandler) for TIM1_UP_TIM10_IRQHandler
    startup_stm32f405xx.o(.text) refers (Special) to heapauxi.o(.text) for __use_two_region_memory
    startup_stm32f405xx.o(.text) refers to system_stm32f4xx.o(i.SystemInit) for SystemInit
    startup_stm32f405xx.o(.text) refers to __main.o(!!!main) for __main
    startup_stm32f405xx.o(.text) refers to startup_stm32f405xx.o(HEAP) for Heap_Mem
    startup_stm32f405xx.o(.text) refers to startup_stm32f405xx.o(STACK) for Stack_Mem
    main.o(i.HAL_TIM_PeriodElapsedCallback) refers to stm32f4xx_hal.o(i.HAL_IncTick) for HAL_IncTick
    main.o(i.SystemClock_Config) refers to rt_memclr_w.o(.text) for __aeabi_memclr4
    main.o(i.SystemClock_Config) refers to stm32f4xx_hal_rcc.o(i.HAL_RCC_OscConfig) for HAL_RCC_OscConfig
    main.o(i.SystemClock_Config) refers to main.o(i.Error_Handler) for Error_Handler
    main.o(i.SystemClock_Config) refers to stm32f4xx_hal_rcc.o(i.HAL_RCC_ClockConfig) for HAL_RCC_ClockConfig
    main.o(i.main) refers to stm32f4xx_hal.o(i.HAL_Init) for HAL_Init
    main.o(i.main) refers to main.o(i.SystemClock_Config) for SystemClock_Config
    main.o(i.main) refers to gpio.o(i.MX_GPIO_Init) for MX_GPIO_Init
    main.o(i.main) refers to can.o(i.MX_CAN1_Init) for MX_CAN1_Init
    main.o(i.main) refers to can.o(i.MX_CAN2_Init) for MX_CAN2_Init
    main.o(i.main) refers to crc.o(i.MX_CRC_Init) for MX_CRC_Init
    main.o(i.main) refers to d_flash.o(i.df_init) for df_init
    main.o(i.main) refers to main.o(i.Error_Handler) for Error_Handler
    main.o(i.main) refers to d_flash.o(i.df_read) for df_read
    main.o(i.main) refers to d_flash.o(i.df_write) for df_write
    main.o(i.main) refers to cmsis_os2.o(i.osKernelInitialize) for osKernelInitialize
    main.o(i.main) refers to freertos.o(i.MX_FREERTOS_Init) for MX_FREERTOS_Init
    main.o(i.main) refers to cmsis_os2.o(i.osKernelStart) for osKernelStart
    gpio.o(i.MX_GPIO_Init) refers to rt_memclr_w.o(.text) for __aeabi_memclr4
    gpio.o(i.MX_GPIO_Init) refers to stm32f4xx_hal_gpio.o(i.HAL_GPIO_Init) for HAL_GPIO_Init
    freertos.o(i.MX_FREERTOS_Init) refers to cmsis_os2.o(i.osThreadNew) for osThreadNew
    freertos.o(i.MX_FREERTOS_Init) refers to freertos.o(.constdata) for defaultTask_attributes
    freertos.o(i.MX_FREERTOS_Init) refers to freertos.o(i.StartDefaultTask) for StartDefaultTask
    freertos.o(i.MX_FREERTOS_Init) refers to freertos.o(.data) for defaultTaskHandle
    freertos.o(i.StartDefaultTask) refers to cmsis_os2.o(i.osDelay) for osDelay
    freertos.o(i.StartDefaultTask) refers to tasks.o(i.vTaskList) for vTaskList
    freertos.o(i.StartDefaultTask) refers to freertos.o(.bss) for u_osThreadState
    freertos.o(.constdata) refers to freertos.o(.conststring) for .conststring
    can.o(i.BSP_CAN1_DeInit) refers to stm32f4xx_hal_can.o(i.HAL_CAN_DeInit) for HAL_CAN_DeInit
    can.o(i.BSP_CAN1_DeInit) refers to can.o(.bss) for hcan1
    can.o(i.BSP_CAN1_Init) refers to can.o(i.__CAN_Init) for __CAN_Init
    can.o(i.BSP_CAN1_Init) refers to can.o(.data) for BSP_CAN1_Callback
    can.o(i.BSP_CAN1_Init) refers to can.o(.bss) for hcan1
    can.o(i.BSP_CAN1_SetRxCallBack) refers to can.o(.data) for BSP_CAN1_Callback
    can.o(i.BSP_CAN1_Transmit) refers to stm32f4xx_hal_can.o(i.HAL_CAN_GetTxMailboxesFreeLevel) for HAL_CAN_GetTxMailboxesFreeLevel
[...]
    prvProcessTimerOrBlockTask               0x08003bbd   Thumb Code   102  timers.o(i.prvProcessTimerOrBlockTask)
    i.prvResetNextTaskUnblockTime            0x08003c30   Section        0  tasks.o(i.prvResetNextTaskUnblockTime)
    prvResetNextTaskUnblockTime              0x08003c31   Thumb Code    42  tasks.o(i.prvResetNextTaskUnblockTime)
    i.prvSampleTimeNow                       0x08003c64   Section        0  timers.o(i.prvSampleTimeNow)
    prvSampleTimeNow                         0x08003c65   Thumb Code    40  timers.o(i.prvSampleTimeNow)
    i.prvSwitchTimerLists                    0x08003c90   Section        0  timers.o(i.prvSwitchTimerLists)
    prvSwitchTimerLists                      0x08003c91   Thumb Code   154  timers.o(i.prvSwitchTimerLists)
    i.prvTaskCheckFreeStackSpace             0x08003d34   Section        0  tasks.o(i.prvTaskCheckFreeStackSpace)
    prvTaskCheckFreeStackSpace               0x08003d35   Thumb Code    22  tasks.o(i.prvTaskCheckFreeStackSpace)
    i.prvTaskExitError                       0x08003d4c   Section        0  port.o(i.prvTaskExitError)
    prvTaskExitError                         0x08003d4d   Thumb Code    60  port.o(i.prvTaskExitError)
    i.prvTimerTask                           0x08003d8c   Section        0  timers.o(i.prvTimerTask)
    prvTimerTask                             0x08003d8d   Thumb Code    26  timers.o(i.prvTimerTask)
    i.prvUnlockQueue                         0x08003da6   Section        0  queue.o(i.prvUnlockQueue)
    prvUnlockQueue                           0x08003da7   Thumb Code   126  queue.o(i.prvUnlockQueue)
    i.prvWriteNameToBuffer                   0x08003e24   Section        0  tasks.o(i.prvWriteNameToBuffer)
    prvWriteNameToBuffer                     0x08003e25   Thumb Code    42  tasks.o(i.prvWriteNameToBuffer)
    i.pvPortMalloc                           0x08003e50   Section        0  heap_4.o(i.pvPortMalloc)
    i.pxPortInitialiseStack                  0x08003f9c   Section        0  port.o(i.pxPortInitialiseStack)
    i.rotl32                                 0x08003fc8   Section        0  murmur3.o(i.rotl32)
    rotl32                                   0x08003fc9   Thumb Code    18  murmur3.o(i.rotl32)
    i.uxListRemove                           0x08003fda   Section        0  list.o(i.uxListRemove)
    i.uxTaskGetSystemState                   0x08004004   Section        0  tasks.o(i.uxTaskGetSystemState)
    i.vApplicationGetIdleTaskMemory          0x080040b4   Section        0  cmsis_os2.o(i.vApplicationGetIdleTaskMemory)
    i.vApplicationGetTimerTaskMemory         0x080040cc   Section        0  cmsis_os2.o(i.vApplicationGetTimerTaskMemory)
    i.vApplicationStackOverflowHook          0x080040e4   Section        0  freertos.o(i.vApplicationStackOverflowHook)
    i.vListInitialise                        0x080040e6   Section        0  list.o(i.vListInitialise)
    i.vListInitialiseItem                    0x08004100   Section        0  list.o(i.vListInitialiseItem)
    i.vListInsert                            0x08004106   Section        0  list.o(i.vListInsert)
    i.vListInsertEnd                         0x0800413a   Section        0  list.o(i.vListInsertEnd)
    i.vPortEnterCritical                     0x08004154   Section        0  port.o(i.vPortEnterCritical)
    i.vPortExitCritical                      0x080041a8   Section        0  port.o(i.vPortExitCritical)
    i.vPortFree                              0x080041e4   Section        0  heap_4.o(i.vPortFree)
    i.vPortSetupTimerInterrupt               0x08004288   Section        0  port.o(i.vPortSetupTimerInterrupt)
    i.vPortValidateInterruptPriority         0x080042b0   Section        0  port.o(i.vPortValidateInterruptPriority)
    i.vQueueAddToRegistry                    0x08004328   Section        0  queue.o(i.vQueueAddToRegistry)
    i.vQueueWaitForMessageRestricted         0x08004354   Section        0  queue.o(i.vQueueWaitForMessageRestricted)
    i.vTaskDelay                             0x080043a0   Section        0  tasks.o(i.vTaskDelay)
    i.vTaskGetInfo                           0x080043fc   Section        0  tasks.o(i.vTaskGetInfo)
    i.vTaskInternalSetTimeOutState           0x08004480   Section        0  tasks.o(i.vTaskInternalSetTimeOutState)
    i.vTaskList                              0x08004498   Section        0  tasks.o(i.vTaskList)
    i.vTaskMissedYield                       0x08004574   Section        0  tasks.o(i.vTaskMissedYield)
    i.vTaskPlaceOnEventList                  0x08004580   Section        0  tasks.o(i.vTaskPlaceOnEventList)
    i.vTaskPlaceOnEventListRestricted        0x080045b8   Section        0  tasks.o(i.vTaskPlaceOnEventListRestricted)
    i.vTaskStartScheduler                    0x080045f8   Section        0  tasks.o(i.vTaskStartScheduler)
    i.vTaskSuspendAll                        0x080046b0   Section        0  tasks.o(i.vTaskSuspendAll)
    i.vTaskSwitchContext                     0x080046c0   Section        0  tasks.o(i.vTaskSwitchContext)
    i.xPortStartScheduler                    0x08004784   Section        0  port.o(i.xPortStartScheduler)
    i.xPortSysTickHandler                    0x080048ec   Section        0  port.o(i.xPortSysTickHandler)
    i.xQueueGenericCreateStatic              0x08004920   Section        0  queue.o(i.xQueueGenericCreateStatic)
    i.xQueueGenericReset                     0x08004a00   Section        0  queue.o(i.xQueueGenericReset)
    i.xQueueGenericSend                      0x08004a98   Section        0  queue.o(i.xQueueGenericSend)
    i.xQueueGenericSendFromISR               0x08004c40   Section        0  queue.o(i.xQueueGenericSendFromISR)
    i.xQueueReceive                          0x08004d3c   Section        0  queue.o(i.xQueueReceive)
    i.xTaskCheckForTimeOut                   0x08004ea4   Section        0  tasks.o(i.xTaskCheckForTimeOut)
    i.xTaskCreate                            0x08004f30   Section        0  tasks.o(i.xTaskCreate)
    i.xTaskCreateStatic                      0x08004f94   Section        0  tasks.o(i.xTaskCreateStatic)
    i.xTaskGetSchedulerState                 0x08005050   Section        0  tasks.o(i.xTaskGetSchedulerState)
    i.xTaskGetTickCount                      0x08005070   Section        0  tasks.o(i.xTaskGetTickCount)
    i.xTaskIncrementTick                     0x0800507c   Section        0  tasks.o(i.xTaskIncrementTick)
    i.xTaskPriorityDisinherit                0x080051c0   Section        0  tasks.o(i.xTaskPriorityDisinherit)
    i.xTaskRemoveFromEventList               0x08005264   Section        0  tasks.o(i.xTaskRemoveFromEventList)
    i.xTaskResumeAll                         0x080052fc   Section        0  tasks.o(i.xTaskResumeAll)
    i.xTimerCreateTimerTask                  0x08005400   Section        0  timers.o(i.xTimerCreateTimerTask)
    i.xTimerGenericCommand                   0x08005478   Section        0  timers.o(i.xTimerGenericCommand)
    x$fpl$fpinit                             0x080054fc   Section       10  fpinit.o(x$fpl$fpinit)
    $v0                                      0x080054fc   Number         0  fpinit.o(x$fpl$fpinit)
    .constdata                               0x08005508   Section       36  freertos.o(.constdata)
    .constdata                               0x0800552c   Section       24  system_stm32f4xx.o(.constdata)
    .conststring                             0x08005544   Section       12  freertos.o(.conststring)
    .data                                    0x20000000   Section        4  freertos.o(.data)
    .data                                    0x20000004   Section       12  can.o(.data)
    BSP_CAN1_Callback                        0x20000004   Data           4  can.o(.data)
    BSP_CAN2_Callback                        0x20000008   Data           4  can.o(.data)
    HAL_RCC_CAN1_CLK_ENABLED                 0x2000000c   Data           4  can.o(.data)
    .data                                    0x20000010   Section        8  crc.o(.data)
    .data                                    0x20000018   Section        9  stm32f4xx_hal.o(.data)
    .data                                    0x20000024   Section        4  system_stm32f4xx.o(.data)
    .data                                    0x20000028   Section       64  tasks.o(.data)
    pxDelayedTaskList                        0x2000002c   Data           4  tasks.o(.data)
    pxOverflowDelayedTaskList                0x20000030   Data           4  tasks.o(.data)
    uxDeletedTasksWaitingCleanUp             0x20000034   Data           4  tasks.o(.data)
    uxCurrentNumberOfTasks                   0x2000003c   Data           4  tasks.o(.data)
    xTickCount                               0x20000040   Data           4  tasks.o(.data)
    uxTopReadyPriority                       0x20000044   Data           4  tasks.o(.data)
    xSchedulerRunning                        0x20000048   Data           4  tasks.o(.data)
    xPendedTicks                             0x2000004c   Data           4  tasks.o(.data)
    xYieldPending                            0x20000050   Data           4  tasks.o(.data)
    xNumOfOverflows                          0x20000054   Data           4  tasks.o(.data)
    uxTaskNumber                             0x20000058   Data           4  tasks.o(.data)
    xNextTaskUnblockTime                     0x2000005c   Data           4  tasks.o(.data)
    xIdleTaskHandle                          0x20000060   Data           4  tasks.o(.data)
    uxSchedulerSuspended                     0x20000064   Data           4  tasks.o(.data)
    .data                                    0x20000068   Section       20  timers.o(.data)
    pxCurrentTimerList                       0x20000068   Data           4  timers.o(.data)
    pxOverflowTimerList                      0x2000006c   Data           4  timers.o(.data)
    xTimerQueue                              0x20000070   Data           4  timers.o(.data)
    xTimerTaskHandle                         0x20000074   Data           4  timers.o(.data)
    xLastTime                                0x20000078   Data           4  timers.o(.data)
    .data                                    0x2000007c   Section        4  cmsis_os2.o(.data)
    KernelState                              0x2000007c   Data           4  cmsis_os2.o(.data)
    .data                                    0x20000080   Section       32  heap_4.o(.data)
    xStart                                   0x20000080   Data           8  heap_4.o(.data)
    pxEnd                                    0x20000088   Data           4  heap_4.o(.data)
    xFreeBytesRemaining                      0x2000008c   Data           4  heap_4.o(.data)
    xMinimumEverFreeBytesRemaining           0x20000090   Data           4  heap_4.o(.data)
    xNumberOfSuccessfulAllocations           0x20000094   Data           4  heap_4.o(.data)
    xNumberOfSuccessfulFrees                 0x20000098   Data           4  heap_4.o(.data)
    xBlockAllocatedBit                       0x2000009c   Data           4  heap_4.o(.data)
    .data                                    0x200000a0   Section       12  port.o(.data)
    uxCriticalNesting                        0x200000a0   Data           4  port.o(.data)
    ucMaxSysCallPriority                     0x200000a4   Data           1  port.o(.data)
    ulMaxPRIGROUPValue                       0x200000a8   Data           4  port.o(.data)
    .bss                                     0x200000ac   Section      512  freertos.o(.bss)
    u_osThreadState                          0x200000ac   Data         512  freertos.o(.bss)
    .bss                                     0x200002ac   Section       80  can.o(.bss)
    .bss                                     0x200002fc   Section       72  stm32f4xx_hal_timebase_tim.o(.bss)
    .bss                                     0x20000344   Section       32  stm32f4xx_hal_flash.o(.bss)
    .bss                                     0x20000364   Section       64  queue.o(.bss)
    .bss                                     0x200003a4   Section     1220  tasks.o(.bss)
    pxReadyTasksLists                        0x200003a4   Data        1120  tasks.o(.bss)
    xDelayedTaskList1                        0x20000804   Data          20  tasks.o(.bss)
    xDelayedTaskList2                        0x20000818   Data          20  tasks.o(.bss)
    xPendingReadyList                        0x2000082c   Data          20  tasks.o(.bss)
    xTasksWaitingTermination                 0x20000840   Data          20  tasks.o(.bss)
    xSuspendedTaskList                       0x20000854   Data          20  tasks.o(.bss)
    .bss                                     0x20000868   Section      280  timers.o(.bss)
    xActiveTimerList1                        0x20000868   Data          20  timers.o(.bss)
    xActiveTimerList2                        0x2000087c   Data          20  timers.o(.bss)
    xStaticTimerQueue                        0x20000890   Data          80  timers.o(.bss)
    ucStaticTimerQueueStorage                0x200008e0   Data         160  timers.o(.bss)
    .bss                                     0x20000980   Section     3264  cmsis_os2.o(.bss)
    Idle_TCB                                 0x20000980   Data          96  cmsis_os2.o(.bss)
    Idle_Stack                               0x200009e0   Data        1024  cmsis_os2.o(.bss)
    Timer_TCB                                0x20000de0   Data          96  cmsis_os2.o(.bss)
    Timer_Stack                              0x20000e40   Data        2048  cmsis_os2.o(.bss)
    .bss                                     0x20001640   Section    46080  heap_4.o(.bss)
    ucHeap                                   0x20001640   Data       46080  heap_4.o(.bss)
    .bss                                     0x2000ca40   Section      816  d_flash.o(.bss)
    fctl                                     0x2000ca40   Data         816  d_flash.o(.bss)
    .bss                                     0x2000cd70   Section       96  libspace.o(.bss)
    HEAP                                     0x2000cdd0   Section     2048  startup_stm32f405xx.o(HEAP)
    Heap_Mem                                 0x2000cdd0   Data        2048  startup_stm32f405xx.o(HEAP)
    STACK                                    0x2000d5d0   Section     2048  startup_stm32f405xx.o(STACK)
    Stack_Mem                                0x2000d5d0   Data        2048  startup_stm32f405xx.o(STACK)
    __initial_sp                             0x2000ddd0   Data           0  startup_stm32f405xx.o(STACK)

    Global Symbols

    Symbol Name                              Value     Ov Type        Size  Object(Section)

    BuildAttributes$$THM_ISAv4$E$P$D$K$B$S$7EM$VFPi3$EXTD16$VFPS$VFMA$PE$A:L22UL41UL21$X:L11$S22US41US21$IEEE1$IW$USESV6$~STKCKD$USESV7$~SHL$OSPACE$ROPI$EBA8$UX$STANDARDLIB$REQ8$PRES8$EABIv2 0x00000000   Number         0  anon$$obj.o ABSOLUTE
    __ARM_use_no_argv                        0x00000000   Number         0  main.o ABSOLUTE
    __ARM_exceptions_init                     - Undefined Weak Reference
    __alloca_initialize                       - Undefined Weak Reference
    __arm_fini_                               - Undefined Weak Reference
    __arm_preinit_                            - Undefined Weak Reference
    __cpp_initialize__aeabi_                  - Undefined Weak Reference
    __cxa_finalize                            - Undefined Weak Reference
    __rt_locale                               - Undefined Weak Reference
    __sigvec_lookup                           - Undefined Weak Reference
    _atexit_init                              - Undefined Weak Reference
    _call_atexit_fns                          - Undefined Weak Reference
    _clock_init                               - Undefined Weak Reference
    _fp_trap_init                             - Undefined Weak Reference
    _fp_trap_shutdown                         - Undefined Weak Reference
    _get_lc_collate                           - Undefined Weak Reference
    _get_lc_ctype                             - Undefined Weak Reference
    _get_lc_monetary                          - Undefined Weak Reference
    _get_lc_numeric                           - Undefined Weak Reference
    _get_lc_time                              - Undefined Weak Reference
    _getenv_init                              - Undefined Weak Reference
    _handle_redirection                       - Undefined Weak Reference
    _init_alloc                               - Undefined Weak Reference
    _init_user_alloc                          - Undefined Weak Reference
    _initio                                   - Undefined Weak Reference
    _printf_mbtowc                            - Undefined Weak Reference
    _printf_post_padding                      - Undefined Weak Reference
    _printf_pre_padding                       - Undefined Weak Reference
    _printf_truncate_signed                   - Undefined Weak Reference
    _printf_truncate_unsigned                 - Undefined Weak Reference
    _rand_init                                - Undefined Weak Reference
    _signal_finish                            - Undefined Weak Reference
    _signal_init                              - Undefined Weak Reference
    _terminate_alloc                          - Undefined Weak Reference
    _terminate_user_alloc                     - Undefined Weak Reference
    _terminateio                              - Undefined Weak Reference
    __Vectors_Size                           0x00000188   Number         0  startup_stm32f405xx.o ABSOLUTE
    __Vectors                                0x08000000   Data           4  startup_stm32f405xx.o(RESET)
    __Vectors_End                            0x08000188   Data           0  startup_stm32f405xx.o(RESET)
    __main                                   0x08000189   Thumb Code     8  __main.o(!!!main)
    __scatterload                            0x08000191   Thumb Code     0  __scatter.o(!!!scatter)
    __scatterload_rt2                        0x08000191   Thumb Code    44  __scatter.o(!!!scatter)
    __scatterload_rt2_thumb_only             0x08000191   Thumb Code     0  __scatter.o(!!!scatter)
    __scatterload_null                       0x0800019f   Thumb Code     0  __scatter.o(!!!scatter)
    __scatterload_copy                       0x080001c5   Thumb Code    26  __scatter_copy.o(!!handler_copy)
    __scatterload_zeroinit                   0x080001e1   Thumb Code    28  __scatter_zi.o(!!handler_zi)
    _printf_percent                          0x080001fd   Thumb Code     0  _printf_percent.o(.ARM.Collect$$_printf_percent$$00000000)
    _printf_u                                0x080001fd   Thumb Code     0  _printf_u.o(.ARM.Collect$$_printf_percent$$0000000A)
    _printf_c                                0x08000203   Thumb Code     0  _printf_c.o(.ARM.Collect$$_printf_percent$$00000013)
    _printf_percent_end                      0x08000209   Thumb Code     0  _printf_percent_end.o(.ARM.Collect$$_printf_percent$$00000017)
    __rt_lib_init                            0x0800020d   Thumb Code     0  libinit.o(.ARM.Collect$$libinit$$00000000)
    __rt_lib_init_fp_1                       0x0800020f   Thumb Code     0  libinit2.o(.ARM.Collect$$libinit$$00000001)
    __rt_lib_init_alloca_1                   0x08000213   Thumb Code     0  libinit2.o(.ARM.Collect$$libinit$$0000002E)
    __rt_lib_init_argv_1                     0x08000213   Thumb Code     0  libinit2.o(.ARM.Collect$$libinit$$0000002C)
    __rt_lib_init_atexit_1                   0x08000213   Thumb Code     0  libinit2.o(.ARM.Collect$$libinit$$0000001B)
    __rt_lib_init_clock_1                    0x08000213   Thumb Code     0  libinit2.o(.ARM.Collect$$libinit$$00000021)
    __rt_lib_init_cpp_1                      0x08000213   Thumb Code     0  libinit2.o(.ARM.Collect$$libinit$$00000032)
    __rt_lib_init_exceptions_1               0x08000213   Thumb Code     0  libinit2.o(.ARM.Collect$$libinit$$00000030)
    __rt_lib_init_fp_trap_1                  0x08000213   Thumb Code     0  libinit2.o(.ARM.Collect$$libinit$$0000001F)
    __rt_lib_init_getenv_1                   0x08000213   Thumb Code     0  libinit2.o(.ARM.Collect$$libinit$$00000023)
    __rt_lib_init_heap_1                     0x08000213   Thumb Code     0  libinit2.o(.ARM.Collect$$libinit$$0000000A)
    __rt_lib_init_lc_collate_1               0x08000213   Thumb Code     0  libinit2.o(.ARM.Collect$$libinit$$00000011)
    __rt_lib_init_lc_ctype_1                 0x08000213   Thumb Code     0  libinit2.o(.ARM.Collect$$libinit$$00000013)
    __rt_lib_init_lc_monetary_1              0x08000213   Thumb Code     0  libinit2.o(.ARM.Collect$$libinit$$00000015)
    __rt_lib_init_lc_numeric_1               0x08000213   Thumb Code     0  libinit2.o(.ARM.Collect$$libinit$$00000017)
    __rt_lib_init_lc_time_1                  0x08000213   Thumb Code     0  libinit2.o(.ARM.Collect$$libinit$$00000019)
    __rt_lib_init_preinit_1                  0x08000213   Thumb Code     0  libinit2.o(.ARM.Collect$$libinit$$00000004)
    __rt_lib_init_rand_1                     0x08000213   Thumb Code     0  libinit2.o(.ARM.Collect$$libinit$$0000000E)
    __rt_lib_init_return                     0x08000213   Thumb Code     0  libinit2.o(.ARM.Collect$$libinit$$00000033)
    __rt_lib_init_signal_1                   0x08000213   Thumb Code     0  libinit2.o(.ARM.Collect$$libinit$$0000001D)
    __rt_lib_init_stdio_1                    0x08000213   Thumb Code     0  libinit2.o(.ARM.Collect$$libinit$$00000025)
    __rt_lib_init_user_alloc_1               0x08000213   Thumb Code     0  libinit2.o(.ARM.Collect$$libinit$$0000000C)
    __rt_lib_shutdown                        0x08000215   Thumb Code     0  libshutdown.o(.ARM.Collect$$libshutdown$$00000000)
    __rt_lib_shutdown_cpp_1                  0x08000217   Thumb Code     0  libshutdown2.o(.ARM.Collect$$libshutdown$$00000004)
    __rt_lib_shutdown_fini_1                 0x08000217   Thumb Code     0  libshutdown2.o(.ARM.Collect$$libshutdown$$00000002)
    __rt_lib_shutdown_fp_trap_1              0x08000217   Thumb Code     0  libshutdown2.o(.ARM.Collect$$libshutdown$$00000009)
    __rt_lib_shutdown_heap_1                 0x08000217   Thumb Code     0  libshutdown2.o(.ARM.Collect$$libshutdown$$00000011)
    __rt_lib_shutdown_return                 0x08000217   Thumb Code     0  libshutdown2.o(.ARM.Collect$$libshutdown$$00000012)
    __rt_lib_shutdown_signal_1               0x08000217   Thumb Code     0  libshutdown2.o(.ARM.Collect$$libshutdown$$0000000C)
    __rt_lib_shutdown_stdio_1                0x08000217   Thumb Code     0  libshutdown2.o(.ARM.Collect$$libshutdown$$00000006)
    __rt_lib_shutdown_user_alloc_1           0x08000217   Thumb Code     0  libshutdown2.o(.ARM.Collect$$libshutdown$$0000000E)
    __rt_entry                               0x08000219   Thumb Code     0  __rtentry.o(.ARM.Collect$$rtentry$$00000000)
    __rt_entry_presh_1                       0x08000219   Thumb Code     0  __rtentry2.o(.ARM.Collect$$rtentry$$00000002)
    __rt_entry_sh                            0x08000219   Thumb Code     0  __rtentry4.o(.ARM.Collect$$rtentry$$00000004)
    __rt_entry_li                            0x0800021f   Thumb Code     0  __rtentry2.o(.ARM.Collect$$rtentry$$0000000A)
    __rt_entry_postsh_1                      0x0800021f   Thumb Code     0  __rtentry2.o(.ARM.Collect$$rtentry$$00000009)
    __rt_entry_main                          0x08000223   Thumb Code     0  __rtentry2.o(.ARM.Collect$$rtentry$$0000000D)
    __rt_entry_postli_1                      0x08000223   Thumb Code     0  __rtentry2.o(.ARM.Collect$$rtentry$$0000000C)
    __rt_exit                                0x0800022b   Thumb Code     0  rtexit.o(.ARM.Collect$$rtexit$$00000000)
    __rt_exit_ls                             0x0800022d   Thumb Code     0  rtexit2.o(.ARM.Collect$$rtexit$$00000003)
    __rt_exit_prels_1                        0x0800022d   Thumb Code     0  rtexit2.o(.ARM.Collect$$rtexit$$00000002)
    __rt_exit_exit                           0x08000231   Thumb Code     0  rtexit2.o(.ARM.Collect$$rtexit$$00000004)
    SVC_Handler                              0x08000239   Thumb Code    28  port.o(.emb_text)
    __asm___6_port_c_39a90d8d__prvStartFirstTask 0x08000259   Thumb Code    36  port.o(.emb_text)
    __asm___6_port_c_39a90d8d__prvEnableVFP  0x08000281   Thumb Code    16  port.o(.emb_text)
    PendSV_Handler                           0x08000295   Thumb Code    88  port.o(.emb_text)
    vPortGetIPSR                             0x080002f1   Thumb Code     6  port.o(.emb_text)
    Reset_Handler                            0x080002f9   Thumb Code     8  startup_stm32f405xx.o(.text)
    ADC_IRQHandler                           0x08000313   Thumb Code     0  startup_stm32f405xx.o(.text)
    CAN1_RX1_IRQHandler                      0x08000313   Thumb Code     0  startup_stm32f405xx.o(.text)
    CAN1_SCE_IRQHandler                      0x08000313   Thumb Code     0  startup_stm32f405xx.o(.text)
    CAN1_TX_IRQHandler                       0x08000313   Thumb Code     0  startup_stm32f405xx.o(.text)
    CAN2_RX0_IRQHandler                      0x08000313   Thumb Code     0  startup_stm32f405xx.o(.text)
    CAN2_RX1_IRQHandler                      0x08000313   Thumb Code     0  startup_stm32f405xx.o(.text)
    CAN2_SCE_IRQHandler                      0x08000313   Thumb Code     0  startup_stm32f405xx.o(.text)
    CAN2_TX_IRQHandler                       0x08000313   Thumb Code     0  startup_stm32f405xx.o(.text)
    DMA1_Stream0_IRQHandler                  0x08000313   Thumb Code     0  startup_stm32f405xx.o(.text)
    DMA1_Stream1_IRQHandler                  0x08000313   Thumb Code     0  startup_stm32f405xx.o(.text)
    DMA1_Stream2_IRQHandler                  0x08000313   Thumb Code     0  startup_stm32f405xx.o(.text)
    DMA1_Stream3_IRQHandler                  0x08000313   Thumb Code     0  startup_stm32f405xx.o(.text)
    DMA1_Stream4_IRQHandler                  0x08000313   Thumb Code     0  startup_stm32f405xx.o(.text)
    DMA1_Stream5_IRQHandler                  0x08000313   Thumb Code     0  startup_stm32f405xx.o(.text)
    DMA1_Stream6_IRQHandler                  0x08000313   Thumb Code     0  startup_stm32f405xx.o(.text)
    DMA1_Stream7_IRQHandler                  0x08000313   Thumb Code     0  startup_stm32f405xx.o(.text)
    DMA2_Stream0_IRQHandler                  0x08000313   Thumb Code     0  startup_stm32f405xx.o(.text)
    DMA2_Stream1_IRQHandler                  0x08000313   Thumb Code     0  startup_stm32f405xx.o(.text)
    DMA2_Stream2_IRQHandler                  0x08000313   Thumb Code     0  startup_stm32f405xx.o(.text)
    DMA2_Stream3_IRQHandler                  0x08000313   Thumb Code     0  startup_stm32f405xx.o(.text)
    DMA2_Stream4_IRQHandler                  0x08000313   Thumb Code     0  startup_stm32f405xx.o(.text)
    DMA2_Stream5_IRQHandler                  0x08000313   Thumb Code     0  startup_stm32f405xx.o(.text)
    DMA2_Stream6_IRQHandler                  0x08000313   Thumb Code     0  startup_stm32f405xx.o(.text)
    DMA2_Stream7_IRQHandler                  0x08000313   Thumb Code     0  startup_stm32f405xx.o(.text)
    EXTI0_IRQHandler                         0x08000313   Thumb Code     0  startup_stm32f405xx.o(.text)
    EXTI15_10_IRQHandler                     0x08000313   Thumb Code     0  startup_stm32f405xx.o(.text)
    EXTI1_IRQHandler                         0x08000313   Thumb Code     0  startup_stm32f405xx.o(.text)
    EXTI2_IRQHandler                         0x08000313   Thumb Code     0  startup_stm32f405xx.o(.text)
    EXTI3_IRQHandler                         0x08000313   Thumb Code     0  startup_stm32f405xx.o(.text)
    EXTI4_IRQHandler                         0x08000313   Thumb Code     0  startup_stm32f405xx.o(.text)
    EXTI9_5_IRQHandler                       0x08000313   Thumb Code     0  startup_stm32f405xx.o(.text)
    FLASH_IRQHandler                         0x08000313   Thumb Code     0  startup_stm32f405xx.o(.text)
    FMC_IRQHandler                           0x08000313   Thumb Code     0  startup_stm32f405xx.o(.text)
    FPU_IRQHandler                           0x08000313   Thumb Code     0  startup_stm32f405xx.o(.text)
    HASH_RNG_IRQHandler                      0x08000313   Thumb Code     0  startup_stm32f405xx.o(.text)
    I2C1_ER_IRQHandler                       0x08000313   Thumb Code     0  startup_stm32f405xx.o(.text)
    I2C1_EV_IRQHandler                       0x08000313   Thumb Code     0  startup_stm32f405xx.o(.text)
    I2C2_ER_IRQHandler                       0x08000313   Thumb Code     0  startup_stm32f405xx.o(.text)
    I2C2_EV_IRQHandler                       0x08000313   Thumb Code     0  startup_stm32f405xx.o(.text)
    I2C3_ER_IRQHandler                       0x08000313   Thumb Code     0  startup_stm32f405xx.o(.text)
    I2C3_EV_IRQHandler                       0x08000313   Thumb Code     0  startup_stm32f405xx.o(.text)
    OTG_FS_IRQHandler                        0x08000313   Thumb Code     0  startup_stm32f405xx.o(.text)
    OTG_FS_WKUP_IRQHandler                   0x08000313   Thumb Code     0  startup_stm32f405xx.o(.text)
    OTG_HS_EP1_IN_IRQHandler                 0x08000313   Thumb Code     0  startup_stm32f405xx.o(.text)
    OTG_HS_EP1_OUT_IRQHandler                0x08000313   Thumb Code     0  startup_stm32f405xx.o(.text)
    OTG_HS_IRQHandler                        0x08000313   Thumb Code     0  startup_stm32f405xx.o(.text)
    OTG_HS_WKUP_IRQHandler                   0x08000313   Thumb Code     0  startup_stm32f405xx.o(.text)
    PVD_IRQHandler                           0x08000313   Thumb Code     0  startup_stm32f405xx.o(.text)
    RCC_IRQHandler                           0x08000313   Thumb Code     0  startup_stm32f405xx.o(.text)
    RTC_Alarm_IRQHandler                     0x08000313   Thumb Code     0  startup_stm32f405xx.o(.text)
    RTC_WKUP_IRQHandler                      0x08000313   Thumb Code     0  startup_stm32f405xx.o(.text)
    SDIO_IRQHandler                          0x08000313   Thumb Code     0  startup_stm32f405xx.o(.text)
    SPI1_IRQHandler                          0x08000313   Thumb Code     0  startup_stm32f405xx.o(.text)
    SPI2_IRQHandler                          0x08000313   Thumb Code     0  startup_stm32f405xx.o(.text)
    SPI3_IRQHandler                          0x08000313   Thumb Code     0  startup_stm32f405xx.o(.text)
    TAMP_STAMP_IRQHandler                    0x08000313   Thumb Code     0  startup_stm32f405xx.o(.text)
    TIM1_BRK_TIM9_IRQHandler                 0x08000313   Thumb Code     0  startup_stm32f405xx.o(.text)
    TIM1_CC_IRQHandler                       0x08000313   Thumb Code     0  startup_stm32f405xx.o(.text)
    TIM1_TRG_COM_TIM11_IRQHandler            0x08000313   Thumb Code     0  startup_stm32f405xx.o(.text)
    TIM2_IRQHandler                          0x08000313   Thumb Code     0  startup_stm32f405xx.o(.text)
    TIM3_IRQHandler                          0x08000313   Thumb Code     0  startup_stm32f405xx.o(.text)
    TIM4_IRQHandler                          0x08000313   Thumb Code     0  startup_stm32f405xx.o(.text)
    TIM5_IRQHandler                          0x08000313   Thumb Code     0  startup_stm32f405xx.o(.text)
    TIM6_DAC_IRQHandler                      0x08000313   Thumb Code     0  startup_stm32f405xx.o(.text)
    TIM7_IRQHandler                          0x08000313   Thumb Code     0  startup_stm32f405xx.o(.text)
    TIM8_BRK_TIM12_IRQHandler                0x08000313   Thumb Code     0  startup_stm32f405xx.o(.text)
    TIM8_CC_IRQHandler                       0x08000313   Thumb Code     0  startup_stm32f405xx.o(.text)
    TIM8_TRG_COM_TIM14_IRQHandler            0x08000313   Thumb Code     0  startup_stm32f405xx.o(.text)
    TIM8_UP_TIM13_IRQHandler                 0x08000313   Thumb Code     0  startup_stm32f405xx.o(.text)
    UART4_IRQHandler                         0x08000313   Thumb Code     0  startup_stm32f405xx.o(.text)
    UART5_IRQHandler                         0x08000313   Thumb Code     0  startup_stm32f405xx.o(.text)
    USART1_IRQHandler                        0x08000313   Thumb Code     0  startup_stm32f405xx.o(.text)
    USART2_IRQHandler                        0x08000313   Thumb Code     0  startup_stm32f405xx.o(.text)
    USART3_IRQHandler                        0x08000313   Thumb Code     0  startup_stm32f405xx.o(.text)
    USART6_IRQHandler                        0x08000313   Thumb Code     0  startup_stm32f405xx.o(.text)
    WWDG_IRQHandler                          0x08000313   Thumb Code     0  startup_stm32f405xx.o(.text)
    __user_initial_stackheap                 0x08000315   Thumb Code     0  startup_stm32f405xx.o(.text)
    __aeabi_uldivmod                         0x08000339   Thumb Code     0  lludivv7m.o(.text)
    _ll_udiv                                 0x08000339   Thumb Code   238  lludivv7m.o(.text)
    __2sprintf                               0x08000429   Thumb Code    34  noretval__2sprintf.o(.text)
    __printf                                 0x08000451   Thumb Code   104  __printf.o(.text)
    _printf_str                              0x080004b9   Thumb Code    82  _printf_str.o(.text)
    _printf_int_dec                          0x0800050d   Thumb Code   104  _printf_dec.o(.text)
    strcpy                                   0x08000585   Thumb Code    72  strcpy.o(.text)
    strlen                                   0x080005cd   Thumb Code    62  strlen.o(.text)
    __aeabi_memcpy                           0x0800060b   Thumb Code     0  rt_memcpy_v6.o(.text)
    __rt_memcpy                              0x0800060b   Thumb Code   138  rt_memcpy_v6.o(.text)
    _memcpy_lastbytes                        0x08000671   Thumb Code     0  rt_memcpy_v6.o(.text)
    __aeabi_memset                           0x08000695   Thumb Code    16  aeabi_memset.o(.text)
    __aeabi_memclr4                          0x080006a5   Thumb Code     0  rt_memclr_w.o(.text)
    __aeabi_memclr8                          0x080006a5   Thumb Code     0  rt_memclr_w.o(.text)
    __rt_memclr_w                            0x080006a5   Thumb Code    78  rt_memclr_w.o(.text)
    _memset_w                                0x080006a9   Thumb Code     0  rt_memclr_w.o(.text)
    __use_two_region_memory                  0x080006f3   Thumb Code     2  heapauxi.o(.text)
    __rt_heap_escrow$2region                 0x080006f5   Thumb Code     2  heapauxi.o(.text)
    __rt_heap_expand$2region                 0x080006f7   Thumb Code     2  heapauxi.o(.text)
    _printf_int_common                       0x080006f9   Thumb Code   178  _printf_intcommon.o(.text)
    _printf_char_common                      0x080007b7   Thumb Code    32  _printf_char_common.o(.text)
    _sputc                                   0x080007dd   Thumb Code    10  _sputc.o(.text)
    _printf_cs_common                        0x080007e7   Thumb Code    20  _printf_char.o(.text)
    _printf_char                             0x080007fb   Thumb Code    16  _printf_char.o(.text)
    _printf_string                           0x0800080b   Thumb Code     8  _printf_char.o(.text)
    __aeabi_memcpy4                          0x08000813   Thumb Code     0  rt_memcpy_w.o(.text)
    __aeabi_memcpy8                          0x08000813   Thumb Code     0  rt_memcpy_w.o(.text)
    __rt_memcpy_w                            0x08000813   Thumb Code   100  rt_memcpy_w.o(.text)
    _memcpy_lastbytes_aligned                0x0800085b   Thumb Code     0  rt_memcpy_w.o(.text)
    __aeabi_memclr                           0x08000877   Thumb Code     0  rt_memclr.o(.text)
    __rt_memclr                              0x08000877   Thumb Code    68  rt_memclr.o(.text)
    _memset                                  0x0800087b   Thumb Code     0  rt_memclr.o(.text)
    __user_setup_stackheap                   0x080008bb   Thumb Code    74  sys_stackheap_outer.o(.text)
    exit                                     0x08000905   Thumb Code    18  exit.o(.text)
    __user_libspace                          0x08000919   Thumb Code     8  libspace.o(.text)
    __user_perproc_libspace                  0x08000919   Thumb Code     0  libspace.o(.text)
    __user_perthread_libspace                0x08000919   Thumb Code     0  libspace.o(.text)
    _sys_exit                                0x08000921   Thumb Code     8  sys_exit.o(.text)
    __I$use$semihosting                      0x0800092d   Thumb Code     0  use_no_semi.o(.text)
    __use_no_semihosting_swi                 0x0800092d   Thumb Code     2  use_no_semi.o(.text)
    __semihosting_library_function           0x0800092f   Thumb Code     0  indicate_semi.o(.text)
    BSP_EraseSector                          0x0800094d   Thumb Code    72  stm32f405_demo1_flash.o(i.BSP_EraseSector)
    BSP_GetFlashAddr                         0x08000995   Thumb Code    78  stm32f405_demo1_flash.o(i.BSP_GetFlashAddr)
    BSP_WriteFlash                           0x08000a11   Thumb Code   112  stm32f405_demo1_flash.o(i.BSP_WriteFlash)
    BusFault_Handler                         0x08000a81   Thumb Code     4  stm32f4xx_it.o(i.BusFault_Handler)
    CAN1_RX0_IRQHandler                      0x08000a85   Thumb Code    10  stm32f4xx_it.o(i.CAN1_RX0_IRQHandler)
    DebugMon_Handler                         0x08001181   Thumb Code     2  stm32f4xx_it.o(i.DebugMon_Handler)
    Error_Handler                            0x08001183   Thumb Code     6  main.o(i.Error_Handler)
    FLASH_Erase_Sector                       0x08001189   Thumb Code    86  stm32f4xx_hal_flash_ex.o(i.FLASH_Erase_Sector)
    FLASH_FlushCaches                        0x080011e5   Thumb Code   114  stm32f4xx_hal_flash_ex.o(i.FLASH_FlushCaches)
    FLASH_WaitForLastOperation               0x080013d5   Thumb Code    90  stm32f4xx_hal_flash.o(i.FLASH_WaitForLastOperation)
    HAL_CAN_ActivateNotification             0x08001439   Thumb Code    42  stm32f4xx_hal_can.o(i.HAL_CAN_ActivateNotification)
    HAL_CAN_ErrorCallback                    0x08001463   Thumb Code     2  stm32f4xx_hal_can.o(i.HAL_CAN_ErrorCallback)
    HAL_CAN_GetRxMessage                     0x08001465   Thumb Code   378  stm32f4xx_hal_can.o(i.HAL_CAN_GetRxMessage)
    HAL_CAN_IRQHandler                       0x080015df   Thumb Code   590  stm32f4xx_hal_can.o(i.HAL_CAN_IRQHandler)
    HAL_CAN_Init                             0x0800182d   Thumb Code   372  stm32f4xx_hal_can.o(i.HAL_CAN_Init)
    HAL_CAN_MspInit                          0x080019a1   Thumb Code   332  can.o(i.HAL_CAN_MspInit)
    HAL_CAN_RxFifo0FullCallback              0x08001b01   Thumb Code     2  stm32f4xx_hal_can.o(i.HAL_CAN_RxFifo0FullCallback)
    HAL_CAN_RxFifo0MsgPendingCallback        0x08001b05   Thumb Code   162  can.o(i.HAL_CAN_RxFifo0MsgPendingCallback)
    HAL_CAN_RxFifo1FullCallback              0x08001bb9   Thumb Code     2  stm32f4xx_hal_can.o(i.HAL_CAN_RxFifo1FullCallback)
    HAL_CAN_RxFifo1MsgPendingCallback        0x08001bbb   Thumb Code     2  stm32f4xx_hal_can.o(i.HAL_CAN_RxFifo1MsgPendingCallback)
    HAL_CAN_SleepCallback                    0x08001bbd   Thumb Code     2  stm32f4xx_hal_can.o(i.HAL_CAN_SleepCallback)
    HAL_CAN_TxMailbox0AbortCallback          0x08001bbf   Thumb Code     2  stm32f4xx_hal_can.o(i.HAL_CAN_TxMailbox0AbortCallback)
    HAL_CAN_TxMailbox0CompleteCallback       0x08001bc1   Thumb Code     2  stm32f4xx_hal_can.o(i.HAL_CAN_TxMailbox0CompleteCallback)
    HAL_CAN_TxMailbox1AbortCallback          0x08001bc3   Thumb Code     2  stm32f4xx_hal_can.o(i.HAL_CAN_TxMailbox1AbortCallback)
    HAL_CAN_TxMailbox1CompleteCallback       0x08001bc5   Thumb Code     2  stm32f4xx_hal_can.o(i.HAL_CAN_TxMailbox1CompleteCallback)
    HAL_CAN_TxMailbox2AbortCallback          0x08001bc7   Thumb Code     2  stm32f4xx_hal_can.o(i.HAL_CAN_TxMailbox2AbortCallback)
    HAL_CAN_TxMailbox2CompleteCallback       0x08001bc9   Thumb Code     2  stm32f4xx_hal_can.o(i.HAL_CAN_TxMailbox2CompleteCallback)
    HAL_CAN_WakeUpFromRxMsgCallback          0x08001bcb   Thumb Code     2  stm32f4xx_hal_can.o(i.HAL_CAN_WakeUpFromRxMsgCallback)
    HAL_CRC_Init                             0x08001bcd   Thumb Code    32  stm32f4xx_hal_crc.o(i.HAL_CRC_Init)
    HAL_CRC_MspInit                          0x08001bed   Thumb Code    44  crc.o(i.HAL_CRC_MspInit)
    HAL_FLASHEx_Erase                        0x08001c21   Thumb Code   164  stm32f4xx_hal_flash_ex.o(i.HAL_FLASHEx_Erase)
    HAL_FLASH_Lock                           0x08001ccd   Thumb Code    16  stm32f4xx_hal_flash.o(i.HAL_FLASH_Lock)
    HAL_FLASH_Program                        0x08001ce1   Thumb Code   142  stm32f4xx_hal_flash.o(i.HAL_FLASH_Program)
    HAL_FLASH_Unlock                         0x08001d79   Thumb Code    38  stm32f4xx_hal_flash.o(i.HAL_FLASH_Unlock)
    HAL_GPIO_Init                            0x08001dad   Thumb Code   454  stm32f4xx_hal_gpio.o(i.HAL_GPIO_Init)
    HAL_GetTick                              0x08001fa1   Thumb Code     6  stm32f4xx_hal.o(i.HAL_GetTick)
    HAL_IncTick                              0x08001fad   Thumb Code    16  stm32f4xx_hal.o(i.HAL_IncTick)
    HAL_Init                                 0x08001fc5   Thumb Code    54  stm32f4xx_hal.o(i.HAL_Init)
    HAL_InitTick                             0x08002001   Thumb Code   140  stm32f4xx_hal_timebase_tim.o(i.HAL_InitTick)
    HAL_MspInit                              0x080020a1   Thumb Code    78  stm32f4xx_hal_msp.o(i.HAL_MspInit)
    HAL_NVIC_EnableIRQ                       0x080020f5   Thumb Code    32  stm32f4xx_hal_cortex.o(i.HAL_NVIC_EnableIRQ)
    HAL_NVIC_SetPriority                     0x08002115   Thumb Code   124  stm32f4xx_hal_cortex.o(i.HAL_NVIC_SetPriority)
    HAL_NVIC_SetPriorityGrouping             0x08002191   Thumb Code    32  stm32f4xx_hal_cortex.o(i.HAL_NVIC_SetPriorityGrouping)
    HAL_RCC_ClockConfig                      0x080021b9   Thumb Code   368  stm32f4xx_hal_rcc.o(i.HAL_RCC_ClockConfig)
    HAL_RCC_GetClockConfig                   0x0800233d   Thumb Code    58  stm32f4xx_hal_rcc.o(i.HAL_RCC_GetClockConfig)
    HAL_RCC_GetHCLKFreq                      0x08002381   Thumb Code     6  stm32f4xx_hal_rcc.o(i.HAL_RCC_GetHCLKFreq)
    HAL_RCC_GetPCLK2Freq                     0x0800238d   Thumb Code    22  stm32f4xx_hal_rcc.o(i.HAL_RCC_GetPCLK2Freq)
    HAL_RCC_GetSysClockFreq                  0x080023ad   Thumb Code   162  stm32f4xx_hal_rcc.o(i.HAL_RCC_GetSysClockFreq)
    HAL_RCC_OscConfig                        0x0800245d   Thumb Code  1172  stm32f4xx_hal_rcc.o(i.HAL_RCC_OscConfig)
    HAL_TIMEx_BreakCallback                  0x080028f9   Thumb Code     2  stm32f4xx_hal_tim_ex.o(i.HAL_TIMEx_BreakCallback)
    HAL_TIMEx_CommutCallback                 0x080028fb   Thumb Code     2  stm32f4xx_hal_tim_ex.o(i.HAL_TIMEx_CommutCallback)
    HAL_TIM_Base_Init                        0x080028fd   Thumb Code   102  stm32f4xx_hal_tim.o(i.HAL_TIM_Base_Init)
    HAL_TIM_Base_MspInit                     0x08002963   Thumb Code     2  stm32f4xx_hal_tim.o(i.HAL_TIM_Base_MspInit)
    HAL_TIM_Base_Start_IT                    0x08002965   Thumb Code   138  stm32f4xx_hal_tim.o(i.HAL_TIM_Base_Start_IT)
    HAL_TIM_IC_CaptureCallback               0x08002a0d   Thumb Code     2  stm32f4xx_hal_tim.o(i.HAL_TIM_IC_CaptureCallback)
    HAL_TIM_IRQHandler                       0x08002a0f   Thumb Code   406  stm32f4xx_hal_tim.o(i.HAL_TIM_IRQHandler)
    HAL_TIM_OC_DelayElapsedCallback          0x08002ba5   Thumb Code     2  stm32f4xx_hal_tim.o(i.HAL_TIM_OC_DelayElapsedCallback)
    HAL_TIM_PWM_PulseFinishedCallback        0x08002ba7   Thumb Code     2  stm32f4xx_hal_tim.o(i.HAL_TIM_PWM_PulseFinishedCallback)
    HAL_TIM_PeriodElapsedCallback            0x08002ba9   Thumb Code    18  main.o(i.HAL_TIM_PeriodElapsedCallback)
    HAL_TIM_TriggerCallback                  0x08002bc1   Thumb Code     2  stm32f4xx_hal_tim.o(i.HAL_TIM_TriggerCallback)
    HardFault_Handler                        0x08002bc3   Thumb Code     4  stm32f4xx_it.o(i.HardFault_Handler)
    MX_CAN1_Init                             0x08002bc9   Thumb Code    62  can.o(i.MX_CAN1_Init)
    MX_CAN2_Init                             0x08002c11   Thumb Code    48  can.o(i.MX_CAN2_Init)
    MX_CRC_Init                              0x08002c49   Thumb Code    22  crc.o(i.MX_CRC_Init)
    MX_FREERTOS_Init                         0x08002c69   Thumb Code    18  freertos.o(i.MX_FREERTOS_Init)
    MX_GPIO_Init                             0x08002c89   Thumb Code   254  gpio.o(i.MX_GPIO_Init)
    MemManage_Handler                        0x08002d9d   Thumb Code     4  stm32f4xx_it.o(i.MemManage_Handler)
    MurmurHash3_x86_32                       0x08002da1   Thumb Code   204  murmur3.o(i.MurmurHash3_x86_32)
    NMI_Handler                              0x08002e79   Thumb Code     4  stm32f4xx_it.o(i.NMI_Handler)
    StartDefaultTask                         0x08002e7d   Thumb Code    18  freertos.o(i.StartDefaultTask)
    SysTick_Handler                          0x08002e95   Thumb Code    22  cmsis_os2.o(i.SysTick_Handler)
    SystemClock_Config                       0x08002ead   Thumb Code   174  main.o(i.SystemClock_Config)
    SystemInit                               0x08002f65   Thumb Code    14  system_stm32f4xx.o(i.SystemInit)
    TIM1_UP_TIM10_IRQHandler                 0x08002f79   Thumb Code    10  stm32f4xx_it.o(i.TIM1_UP_TIM10_IRQHandler)
    TIM_Base_SetConfig                       0x08002f89   Thumb Code   170  stm32f4xx_hal_tim.o(i.TIM_Base_SetConfig)
    UsageFault_Handler                       0x08003061   Thumb Code     4  stm32f4xx_it.o(i.UsageFault_Handler)
    df_init                                  0x080030a9   Thumb Code    12  d_flash.o(i.df_init)
    df_read                                  0x080030b5   Thumb Code    30  d_flash.o(i.df_read)
    df_write                                 0x080030d3   Thumb Code    38  d_flash.o(i.df_write)
    eTaskGetState                            0x080030f9   Thumb Code   128  tasks.o(i.eTaskGetState)
    main                                     0x080031ad   Thumb Code    88  main.o(i.main)
    osDelay                                  0x08003215   Thumb Code    30  cmsis_os2.o(i.osDelay)
    osKernelInitialize                       0x08003235   Thumb Code    38  cmsis_os2.o(i.osKernelInitialize)
    osKernelStart                            0x08003261   Thumb Code    82  cmsis_os2.o(i.osKernelStart)
    osThreadNew                              0x080032c1   Thumb Code   186  cmsis_os2.o(i.osThreadNew)
    pvPortMalloc                             0x08003e51   Thumb Code   306  heap_4.o(i.pvPortMalloc)
    pxPortInitialiseStack                    0x08003f9d   Thumb Code    38  port.o(i.pxPortInitialiseStack)
    uxListRemove                             0x08003fdb   Thumb Code    40  list.o(i.uxListRemove)
    uxTaskGetSystemState                     0x08004005   Thumb Code   152  tasks.o(i.uxTaskGetSystemState)
    vApplicationGetIdleTaskMemory            0x080040b5   Thumb Code    16  cmsis_os2.o(i.vApplicationGetIdleTaskMemory)
    vApplicationGetTimerTaskMemory           0x080040cd   Thumb Code    16  cmsis_os2.o(i.vApplicationGetTimerTaskMemory)
    vApplicationStackOverflowHook            0x080040e5   Thumb Code     2  freertos.o(i.vApplicationStackOverflowHook)
    vListInitialise                          0x080040e7   Thumb Code    26  list.o(i.vListInitialise)
    vListInitialiseItem                      0x08004101   Thumb Code     6  list.o(i.vListInitialiseItem)
    vListInsert                              0x08004107   Thumb Code    52  list.o(i.vListInsert)
    vListInsertEnd                           0x0800413b   Thumb Code    24  list.o(i.vListInsertEnd)
    vPortEnterCritical                       0x08004155   Thumb Code    76  port.o(i.vPortEnterCritical)
    vPortExitCritical                        0x080041a9   Thumb Code    56  port.o(i.vPortExitCritical)
    vPortFree                                0x080041e5   Thumb Code   150  heap_4.o(i.vPortFree)
    vPortSetupTimerInterrupt                 0x08004289   Thumb Code    36  port.o(i.vPortSetupTimerInterrupt)
    vPortValidateInterruptPriority           0x080042b1   Thumb Code   106  port.o(i.vPortValidateInterruptPriority)
    vQueueAddToRegistry                      0x08004329   Thumb Code    38  queue.o(i.vQueueAddToRegistry)
    vQueueWaitForMessageRestricted           0x08004355   Thumb Code    74  queue.o(i.vQueueWaitForMessageRestricted)
    vTaskDelay                               0x080043a1   Thumb Code    82  tasks.o(i.vTaskDelay)
    vTaskGetInfo                             0x080043fd   Thumb Code   126  tasks.o(i.vTaskGetInfo)
    vTaskInternalSetTimeOutState             0x08004481   Thumb Code    14  tasks.o(i.vTaskInternalSetTimeOutState)
    vTaskList                                0x08004499   Thumb Code   200  tasks.o(i.vTaskList)
    vTaskMissedYield                         0x08004575   Thumb Code     8  tasks.o(i.vTaskMissedYield)
    vTaskPlaceOnEventList                    0x08004581   Thumb Code    52  tasks.o(i.vTaskPlaceOnEventList)
    vTaskPlaceOnEventListRestricted          0x080045b9   Thumb Code    60  tasks.o(i.vTaskPlaceOnEventListRestricted)
    vTaskStartScheduler                      0x080045f9   Thumb Code   156  tasks.o(i.vTaskStartScheduler)
    vTaskSuspendAll                          0x080046b1   Thumb Code    12  tasks.o(i.vTaskSuspendAll)
    vTaskSwitchContext                       0x080046c1   Thumb Code   170  tasks.o(i.vTaskSwitchContext)
    xPortStartScheduler                      0x08004785   Thumb Code   330  port.o(i.xPortStartScheduler)
    xPortSysTickHandler                      0x080048ed   Thumb Code    46  port.o(i.xPortSysTickHandler)
    xQueueGenericCreateStatic                0x08004921   Thumb Code   224  queue.o(i.xQueueGenericCreateStatic)
    xQueueGenericReset                       0x08004a01   Thumb Code   146  queue.o(i.xQueueGenericReset)
    xQueueGenericSend                        0x08004a99   Thumb Code   420  queue.o(i.xQueueGenericSend)
    xQueueGenericSendFromISR                 0x08004c41   Thumb Code   252  queue.o(i.xQueueGenericSendFromISR)
    xQueueReceive                            0x08004d3d   Thumb Code   356  queue.o(i.xQueueReceive)
    xTaskCheckForTimeOut                     0x08004ea5   Thumb Code   132  tasks.o(i.xTaskCheckForTimeOut)
    xTaskCreate                              0x08004f31   Thumb Code   100  tasks.o(i.xTaskCreate)
    xTaskCreateStatic                        0x08004f95   Thumb Code   186  tasks.o(i.xTaskCreateStatic)
    xTaskGetSchedulerState                   0x08005051   Thumb Code    24  tasks.o(i.xTaskGetSchedulerState)
    xTaskGetTickCount                        0x08005071   Thumb Code     6  tasks.o(i.xTaskGetTickCount)
    xTaskIncrementTick                       0x0800507d   Thumb Code   280  tasks.o(i.xTaskIncrementTick)
    xTaskPriorityDisinherit                  0x080051c1   Thumb Code   152  tasks.o(i.xTaskPriorityDisinherit)
    xTaskRemoveFromEventList                 0x08005265   Thumb Code   126  tasks.o(i.xTaskRemoveFromEventList)
    xTaskResumeAll                           0x080052fd   Thumb Code   222  tasks.o(i.xTaskResumeAll)
    xTimerCreateTimerTask                    0x08005401   Thumb Code   100  timers.o(i.xTimerCreateTimerTask)
    xTimerGenericCommand                     0x08005479   Thumb Code   128  timers.o(i.xTimerGenericCommand)
    _fp_init                                 0x080054fd   Thumb Code    10  fpinit.o(x$fpl$fpinit)
    __fplib_config_fpu_vfp                   0x08005505   Thumb Code     0  fpinit.o(x$fpl$fpinit)
    __fplib_config_pureend_doubles           0x08005505   Thumb Code     0  fpinit.o(x$fpl$fpinit)
    defaultTask_attributes                   0x08005508   Data          36  freertos.o(.constdata)
    AHBPrescTable                            0x0800552c   Data          16  system_stm32f4xx.o(.constdata)
    APBPrescTable                            0x0800553c   Data           8  system_stm32f4xx.o(.constdata)
    Region$$Table$$Base                      0x08005550   Number         0  anon$$obj.o(Region$$Table)
    Region$$Table$$Limit                     0x08005570   Number         0  anon$$obj.o(Region$$Table)
    defaultTaskHandle                        0x20000000   Data           4  freertos.o(.data)
    hcrc                                     0x20000010   Data           8  crc.o(.data)
    uwTick                                   0x20000018   Data           4  stm32f4xx_hal.o(.data)
    uwTickPrio                               0x2000001c   Data           4  stm32f4xx_hal.o(.data)
    uwTickFreq                               0x20000020   Data           1  stm32f4xx_hal.o(.data)
    SystemCoreClock                          0x20000024   Data           4  system_stm32f4xx.o(.data)
    pxCurrentTCB                             0x20000028   Data           4  tasks.o(.data)
    FreeRTOS_errno                           0x20000038   Data           4  tasks.o(.data)
    hcan1                                    0x200002ac   Data          40  can.o(.bss)
    hcan2                                    0x200002d4   Data          40  can.o(.bss)
    htim1                                    0x200002fc   Data          72  stm32f4xx_hal_timebase_tim.o(.bss)
    pFlash                                   0x20000344   Data          32  stm32f4xx_hal_flash.o(.bss)
    xQueueRegistry                           0x20000364   Data          64  queue.o(.bss)
    __libspace_start                         0x2000cd70   Data          96  libspace.o(.bss)
    __temporary_stack_top$libspace           0x2000cdd0   Data           0  libspace.o(.bss)



==============================================================================

Memory Map of the image

  Image Entry point : 0x08000189

  Load Region LR_IROM1 (Base: 0x08000000, Size: 0x0000561c, Max: 0x00100000, ABSOLUTE)

    Execution Region ER_IROM1 (Exec base: 0x08000000, Load base: 0x08000000, Size: 0x00005570, Max: 0x00100000, ABSOLUTE)

    Exec Addr    Load Addr    Size         Type   Attr      Idx    E Section Name        Object

    0x08000000   0x08000000   0x00000188   Data   RO            3    RESET               startup_stm32f405xx.o
    0x08000188   0x08000188   0x00000008   Code   RO         5415  * !!!main             c_w.l(__main.o)
    0x08000190   0x08000190   0x00000034   Code   RO         5606    !!!scatter          c_w.l(__scatter.o)
    0x080001c4   0x080001c4   0x0000001a   Code   RO         5608    !!handler_copy      c_w.l(__scatter_copy.o)
    0x080001de   0x080001de   0x00000002   PAD
    0x080001e0   0x080001e0   0x0000001c   Code   RO         5610    !!handler_zi        c_w.l(__scatter_zi.o)
    0x080001fc   0x080001fc   0x00000000   Code   RO         5400    .ARM.Collect$$_printf_percent$$00000000  c_w.l(_printf_percent.o)
    0x080001fc   0x080001fc   0x00000006   Code   RO         5399    .ARM.Collect$$_printf_percent$$0000000A  c_w.l(_printf_u.o)
    0x08000202   0x08000202   0x00000006   Code   RO         5398    .ARM.Collect$$_printf_percent$$00000013  c_w.l(_printf_c.o)
    0x08000208   0x08000208   0x00000004   Code   RO         5432    .ARM.Collect$$_printf_percent$$00000017  c_w.l(_printf_percent_end.o)
    0x0800020c   0x0800020c   0x00000002   Code   RO         5474    .ARM.Collect$$libinit$$00000000  c_w.l(libinit.o)
    0x0800020e   0x0800020e   0x00000004   Code   RO         5486    .ARM.Collect$$libinit$$00000001  c_w.l(libinit2.o)
    0x08000212   0x08000212   0x00000000   Code   RO         5489    .ARM.Collect$$libinit$$00000004  c_w.l(libinit2.o)
    0x08000212   0x08000212   0x00000000   Code   RO         5492    .ARM.Collect$$libinit$$0000000A  c_w.l(libinit2.o)
    0x08000212   0x08000212   0x00000000   Code   RO         5494    .ARM.Collect$$libinit$$0000000C  c_w.l(libinit2.o)
    0x08000212   0x08000212   0x00000000   Code   RO         5496    .ARM.Collect$$libinit$$0000000E  c_w.l(libinit2.o)
    0x08000212   0x08000212   0x00000000   Code   RO         5499    .ARM.Collect$$libinit$$00000011  c_w.l(libinit2.o)
    0x08000212   0x08000212   0x00000000   Code   RO         5501    .ARM.Collect$$libinit$$00000013  c_w.l(libinit2.o)
    0x08000212   0x08000212   0x00000000   Code   RO         5503    .ARM.Collect$$libinit$$00000015  c_w.l(libinit2.o)
    0x08000212   0x08000212   0x00000000   Code   RO         5505    .ARM.Collect$$libinit$$00000017  c_w.l(libinit2.o)
    0x08000212   0x08000212   0x00000000   Code   RO         5507    .ARM.Collect$$libinit$$00000019  c_w.l(libinit2.o)
    0x08000212   0x08000212   0x00000000   Code   RO         5509    .ARM.Collect$$libinit$$0000001B  c_w.l(libinit2.o)
    0x08000212   0x08000212   0x00000000   Code   RO         5511    .ARM.Collect$$libinit$$0000001D  c_w.l(libinit2.o)
    0x08000212   0x08000212   0x00000000   Code   RO         5513    .ARM.Collect$$libinit$$0000001F  c_w.l(libinit2.o)
    0x08000212   0x08000212   0x00000000   Code   RO         5515    .ARM.Collect$$libinit$$00000021  c_w.l(libinit2.o)
    0x08000212   0x08000212   0x00000000   Code   RO         5517    .ARM.Collect$$libinit$$00000023  c_w.l(libinit2.o)
    0x08000212   0x08000212   0x00000000   Code   RO         5519    .ARM.Collect$$libinit$$00000025  c_w.l(libinit2.o)
    0x08000212   0x08000212   0x00000000   Code   RO         5523    .ARM.Collect$$libinit$$0000002C  c_w.l(libinit2.o)
    0x08000212   0x08000212   0x00000000   Code   RO         5525    .ARM.Collect$$libinit$$0000002E  c_w.l(libinit2.o)
    0x08000212   0x08000212   0x00000000   Code   RO         5527    .ARM.Collect$$libinit$$00000030  c_w.l(libinit2.o)
    0x08000212   0x08000212   0x00000000   Code   RO         5529    .ARM.Collect$$libinit$$00000032  c_w.l(libinit2.o)
    0x08000212   0x08000212   0x00000002   Code   RO         5530    .ARM.Collect$$libinit$$00000033  c_w.l(libinit2.o)
    0x08000214   0x08000214   0x00000002   Code   RO         5561    .ARM.Collect$$libshutdown$$00000000  c_w.l(libshutdown.o)
    0x08000216   0x08000216   0x00000000   Code   RO         5587    .ARM.Collect$$libshutdown$$00000002  c_w.l(libshutdown2.o)
    0x08000216   0x08000216   0x00000000   Code   RO         5589    .ARM.Collect$$libshutdown$$00000004  c_w.l(libshutdown2.o)
    0x08000216   0x08000216   0x00000000   Code   RO         5591    .ARM.Collect$$libshutdown$$00000006  c_w.l(libshutdown2.o)
    0x08000216   0x08000216   0x00000000   Code   RO         5594    .ARM.Collect$$libshutdown$$00000009  c_w.l(libshutdown2.o)
    0x08000216   0x08000216   0x00000000   Code   RO         5597    .ARM.Collect$$libshutdown$$0000000C  c_w.l(libshutdown2.o)
    0x08000216   0x08000216   0x00000000   Code   RO         5599    .ARM.Collect$$libshutdown$$0000000E  c_w.l(libshutdown2.o)
    0x08000216   0x08000216   0x00000000   Code   RO         5602    .ARM.Collect$$libshutdown$$00000011  c_w.l(libshutdown2.o)
    0x08000216   0x08000216   0x00000002   Code   RO         5603    .ARM.Collect$$libshutdown$$00000012  c_w.l(libshutdown2.o)
    0x08000218   0x08000218   0x00000000   Code   RO         5419    .ARM.Collect$$rtentry$$00000000  c_w.l(__rtentry.o)
    0x08000218   0x08000218   0x00000000   Code   RO         5443    .ARM.Collect$$rtentry$$00000002  c_w.l(__rtentry2.o)
    0x08000218   0x08000218   0x00000006   Code   RO         5455    .ARM.Collect$$rtentry$$00000004  c_w.l(__rtentry4.o)
    0x0800021e   0x0800021e   0x00000000   Code   RO         5445    .ARM.Collect$$rtentry$$00000009  c_w.l(__rtentry2.o)
    0x0800021e   0x0800021e   0x00000004   Code   RO         5446    .ARM.Collect$$rtentry$$0000000A  c_w.l(__rtentry2.o)
    0x08000222   0x08000222   0x00000000   Code   RO         5448    .ARM.Collect$$rtentry$$0000000C  c_w.l(__rtentry2.o)
    0x08000222   0x08000222   0x00000008   Code   RO         5449    .ARM.Collect$$rtentry$$0000000D  c_w.l(__rtentry2.o)
    0x0800022a   0x0800022a   0x00000002   Code   RO         5478    .ARM.Collect$$rtexit$$00000000  c_w.l(rtexit.o)
    0x0800022c   0x0800022c   0x00000000   Code   RO         5534    .ARM.Collect$$rtexit$$00000002  c_w.l(rtexit2.o)
    0x0800022c   0x0800022c   0x00000004   Code   RO         5535    .ARM.Collect$$rtexit$$00000003  c_w.l(rtexit2.o)
    0x08000230   0x08000230   0x00000006   Code   RO         5536    .ARM.Collect$$rtexit$$00000004  c_w.l(rtexit2.o)
    0x08000236   0x08000236   0x00000002   PAD
    0x08000238   0x08000238   0x000000be   Code   RO         4879    .emb_text           port.o
    0x080002f6   0x080002f6   0x00000002   PAD
    0x080002f8   0x080002f8   0x00000040   Code   RO            4    .text               startup_stm32f405xx.o
    0x08000338   0x08000338   0x000000ee   Code   RO         5362    .text               c_w.l(lludivv7m.o)
    0x08000426   0x08000426   0x00000002   PAD
    0x08000428   0x08000428   0x00000028   Code   RO         5370    .text               c_w.l(noretval__2sprintf.o)
    0x08000450   0x08000450   0x00000068   Code   RO         5372    .text               c_w.l(__printf.o)
    0x080004b8   0x080004b8   0x00000052   Code   RO         5374    .text               c_w.l(_printf_str.o)
    0x0800050a   0x0800050a   0x00000002   PAD
    0x0800050c   0x0800050c   0x00000078   Code   RO         5376    .text               c_w.l(_printf_dec.o)
    0x08000584   0x08000584   0x00000048   Code   RO         5401    .text               c_w.l(strcpy.o)
    0x080005cc   0x080005cc   0x0000003e   Code   RO         5403    .text               c_w.l(strlen.o)
    0x0800060a   0x0800060a   0x0000008a   Code   RO         5405    .text               c_w.l(rt_memcpy_v6.o)
    0x08000694   0x08000694   0x00000010   Code   RO         5409    .text               c_w.l(aeabi_memset.o)
    0x080006a4   0x080006a4   0x0000004e   Code   RO         5411    .text               c_w.l(rt_memclr_w.o)
    0x080006f2   0x080006f2   0x00000006   Code   RO         5413    .text               c_w.l(heapauxi.o)
    0x080006f8   0x080006f8   0x000000b2   Code   RO         5424    .text               c_w.l(_printf_intcommon.o)
    0x080007aa   0x080007aa   0x00000002   PAD
    0x080007ac   0x080007ac   0x00000030   Code   RO         5426    .text               c_w.l(_printf_char_common.o)
    0x080007dc   0x080007dc   0x0000000a   Code   RO         5428    .text               c_w.l(_sputc.o)
    0x080007e6   0x080007e6   0x0000002c   Code   RO         5430    .text               c_w.l(_printf_char.o)
    0x08000812   0x08000812   0x00000064   Code   RO         5433    .text               c_w.l(rt_memcpy_w.o)
    0x08000876   0x08000876   0x00000044   Code   RO         5435    .text               c_w.l(rt_memclr.o)
    0x080008ba   0x080008ba   0x0000004a   Code   RO         5461    .text               c_w.l(sys_stackheap_outer.o)
    0x08000904   0x08000904   0x00000012   Code   RO         5463    .text               c_w.l(exit.o)
    0x08000916   0x08000916   0x00000002   PAD
    0x08000918   0x08000918   0x00000008   Code   RO         5475    .text               c_w.l(libspace.o)
    0x08000920   0x08000920   0x0000000c   Code   RO         5531    .text               c_w.l(sys_exit.o)
    0x0800092c   0x0800092c   0x00000002   Code   RO         5550    .text               c_w.l(use_no_semi.o)
    0x0800092e   0x0800092e   0x00000000   Code   RO         5552    .text               c_w.l(indicate_semi.o)
    0x0800092e   0x0800092e   0x0000001e   Code   RO         5278    i.BKDHash           d_flash.o
    0x0800094c   0x0800094c   0x00000048   Code   RO         3045    i.BSP_EraseSector   stm32f405_demo1_flash.o
    0x08000994   0x08000994   0x0000007c   Code   RO         3046    i.BSP_GetFlashAddr  stm32f405_demo1_flash.o
    0x08000a10   0x08000a10   0x00000070   Code   RO         3049    i.BSP_WriteFlash    stm32f405_demo1_flash.o
    0x08000a80   0x08000a80   0x00000004   Code   RO          452    i.BusFault_Handler  stm32f4xx_it.o
    0x08000a84   0x08000a84   0x00000010   Code   RO          453    i.CAN1_RX0_IRQHandler  stm32f4xx_it.o
    0x08000a94   0x08000a94   0x00000070   Code   RO         5279    i.DF_FindEndDNode   d_flash.o
    0x08000b04   0x08000b04   0x00000050   Code   RO         5280    i.DF_FindEndGNode   d_flash.o
    0x08000b54   0x08000b54   0x000002ac   Code   RO         5281    i.DF_FlashInitFunction  d_flash.o
    0x08000e00   0x08000e00   0x00000084   Code   RO         5282    i.DF_FlashInsertFunction  d_flash.o
    0x08000e84   0x08000e84   0x0000006c   Code   RO         5283    i.DF_FlashReadItemFunction  d_flash.o
    0x08000ef0   0x08000ef0   0x000000ec   Code   RO         5284    i.DF_Flash_transfer  d_flash.o
    0x08000fdc   0x08000fdc   0x00000018   Code   RO         5285    i.DF_ReadFlashFunction  d_flash.o
    0x08000ff4   0x08000ff4   0x000000e4   Code   RO         5286    i.DF_Write2Flash    d_flash.o
    0x080010d8   0x080010d8   0x000000a8   Code   RO         5287    i.DF_getIndexFromHash  d_flash.o
    0x08001180   0x08001180   0x00000002   Code   RO          454    i.DebugMon_Handler  stm32f4xx_it.o
    0x08001182   0x08001182   0x00000006   Code   RO           13    i.Error_Handler     main.o
    0x08001188   0x08001188   0x0000005c   Code   RO         1093    i.FLASH_Erase_Sector  stm32f4xx_hal_flash_ex.o
    0x080011e4   0x080011e4   0x00000078   Code   RO         1094    i.FLASH_FlushCaches  stm32f4xx_hal_flash_ex.o
    0x0800125c   0x0800125c   0x00000030   Code   RO         1095    i.FLASH_MassErase   stm32f4xx_hal_flash_ex.o
    0x0800128c   0x0800128c   0x00000024   Code   RO          975    i.FLASH_Program_Byte  stm32f4xx_hal_flash.o
    0x080012b0   0x080012b0   0x0000003c   Code   RO          976    i.FLASH_Program_DoubleWord  stm32f4xx_hal_flash.o
    0x080012ec   0x080012ec   0x00000028   Code   RO          977    i.FLASH_Program_HalfWord  stm32f4xx_hal_flash.o
    0x08001314   0x08001314   0x00000028   Code   RO          978    i.FLASH_Program_Word  stm32f4xx_hal_flash.o
    0x0800133c   0x0800133c   0x00000098   Code   RO          979    i.FLASH_SetErrorCode  stm32f4xx_hal_flash.o
    0x080013d4   0x080013d4   0x00000064   Code   RO          980    i.FLASH_WaitForLastOperation  stm32f4xx_hal_flash.o
    0x08001438   0x08001438   0x0000002a   Code   RO          586    i.HAL_CAN_ActivateNotification  stm32f4xx_hal_can.o
    0x08001462   0x08001462   0x00000002   Code   RO          591    i.HAL_CAN_ErrorCallback  stm32f4xx_hal_can.o
    0x08001464   0x08001464   0x0000017a   Code   RO          594    i.HAL_CAN_GetRxMessage  stm32f4xx_hal_can.o
    0x080015de   0x080015de   0x0000024e   Code   RO          598    i.HAL_CAN_IRQHandler  stm32f4xx_hal_can.o
    0x0800182c   0x0800182c   0x00000174   Code   RO          599    i.HAL_CAN_Init      stm32f4xx_hal_can.o
    0x080019a0   0x080019a0   0x00000160   Code   RO          310    i.HAL_CAN_MspInit   can.o
    0x08001b00   0x08001b00   0x00000002   Code   RO          606    i.HAL_CAN_RxFifo0FullCallback  stm32f4xx_hal_can.o
    0x08001b02   0x08001b02   0x00000002   PAD
    0x08001b04   0x08001b04   0x000000b4   Code   RO          311    i.HAL_CAN_RxFifo0MsgPendingCallback  can.o
    0x08001bb8   0x08001bb8   0x00000002   Code   RO          608    i.HAL_CAN_RxFifo1FullCallback  stm32f4xx_hal_can.o
    0x08001bba   0x08001bba   0x00000002   Code   RO          609    i.HAL_CAN_RxFifo1MsgPendingCallback  stm32f4xx_hal_can.o
    0x08001bbc   0x08001bbc   0x00000002   Code   RO          610    i.HAL_CAN_SleepCallback  stm32f4xx_hal_can.o
    0x08001bbe   0x08001bbe   0x00000002   Code   RO          613    i.HAL_CAN_TxMailbox0AbortCallback  stm32f4xx_hal_can.o
    0x08001bc0   0x08001bc0   0x00000002   Code   RO          614    i.HAL_CAN_TxMailbox0CompleteCallback  stm32f4xx_hal_can.o
    0x08001bc2   0x08001bc2   0x00000002   Code   RO          615    i.HAL_CAN_TxMailbox1AbortCallback  stm32f4xx_hal_can.o
    0x08001bc4   0x08001bc4   0x00000002   Code   RO          616    i.HAL_CAN_TxMailbox1CompleteCallback  stm32f4xx_hal_can.o
    0x08001bc6   0x08001bc6   0x00000002   Code   RO          617    i.HAL_CAN_TxMailbox2AbortCallback  stm32f4xx_hal_can.o
    0x08001bc8   0x08001bc8   0x00000002   Code   RO          618    i.HAL_CAN_TxMailbox2CompleteCallback  stm32f4xx_hal_can.o
    0x08001bca   0x08001bca   0x00000002   Code   RO          620    i.HAL_CAN_WakeUpFromRxMsgCallback  stm32f4xx_hal_can.o
    0x08001bcc   0x08001bcc   0x00000020   Code   RO         2005    i.HAL_CRC_Init      stm32f4xx_hal_crc.o
    0x08001bec   0x08001bec   0x00000034   Code   RO          411    i.HAL_CRC_MspInit   crc.o
    0x08001c20   0x08001c20   0x000000ac   Code   RO         1105    i.HAL_FLASHEx_Erase  stm32f4xx_hal_flash_ex.o
    0x08001ccc   0x08001ccc   0x00000014   Code   RO          984    i.HAL_FLASH_Lock    stm32f4xx_hal_flash.o
    0x08001ce0   0x08001ce0   0x00000098   Code   RO          989    i.HAL_FLASH_Program  stm32f4xx_hal_flash.o
    0x08001d78   0x08001d78   0x00000034   Code   RO          991    i.HAL_FLASH_Unlock  stm32f4xx_hal_flash.o
    0x08001dac   0x08001dac   0x000001f4   Code   RO         1219    i.HAL_GPIO_Init     stm32f4xx_hal_gpio.o
    0x08001fa0   0x08001fa0   0x0000000c   Code   RO         1756    i.HAL_GetTick       stm32f4xx_hal.o
    0x08001fac   0x08001fac   0x00000018   Code   RO         1762    i.HAL_IncTick       stm32f4xx_hal.o
    0x08001fc4   0x08001fc4   0x0000003c   Code   RO         1763    i.HAL_Init          stm32f4xx_hal.o
    0x08002000   0x08002000   0x000000a0   Code   RO          546    i.HAL_InitTick      stm32f4xx_hal_timebase_tim.o
    0x080020a0   0x080020a0   0x00000054   Code   RO          522    i.HAL_MspInit       stm32f4xx_hal_msp.o
    0x080020f4   0x080020f4   0x00000020   Code   RO         1608    i.HAL_NVIC_EnableIRQ  stm32f4xx_hal_cortex.o
    0x08002114   0x08002114   0x0000007c   Code   RO         1614    i.HAL_NVIC_SetPriority  stm32f4xx_hal_cortex.o
    0x08002190   0x08002190   0x00000028   Code   RO         1615    i.HAL_NVIC_SetPriorityGrouping  stm32f4xx_hal_cortex.o
    0x080021b8   0x080021b8   0x00000184   Code   RO          820    i.HAL_RCC_ClockConfig  stm32f4xx_hal_rcc.o
    0x0800233c   0x0800233c   0x00000044   Code   RO          824    i.HAL_RCC_GetClockConfig  stm32f4xx_hal_rcc.o
    0x08002380   0x08002380   0x0000000c   Code   RO          825    i.HAL_RCC_GetHCLKFreq  stm32f4xx_hal_rcc.o
    0x0800238c   0x0800238c   0x00000020   Code   RO          828    i.HAL_RCC_GetPCLK2Freq  stm32f4xx_hal_rcc.o
    0x080023ac   0x080023ac   0x000000b0   Code   RO          829    i.HAL_RCC_GetSysClockFreq  stm32f4xx_hal_rcc.o
    0x0800245c   0x0800245c   0x0000049c   Code   RO          832    i.HAL_RCC_OscConfig  stm32f4xx_hal_rcc.o
    0x080028f8   0x080028f8   0x00000002   Code   RO         2778    i.HAL_TIMEx_BreakCallback  stm32f4xx_hal_tim_ex.o
    0x080028fa   0x080028fa   0x00000002   Code   RO         2779    i.HAL_TIMEx_CommutCallback  stm32f4xx_hal_tim_ex.o
    0x080028fc   0x080028fc   0x00000066   Code   RO         2063    i.HAL_TIM_Base_Init  stm32f4xx_hal_tim.o
    0x08002962   0x08002962   0x00000002   Code   RO         2065    i.HAL_TIM_Base_MspInit  stm32f4xx_hal_tim.o
    0x08002964   0x08002964   0x000000a8   Code   RO         2068    i.HAL_TIM_Base_Start_IT  stm32f4xx_hal_tim.o
    0x08002a0c   0x08002a0c   0x00000002   Code   RO         2097    i.HAL_TIM_IC_CaptureCallback  stm32f4xx_hal_tim.o
    0x08002a0e   0x08002a0e   0x00000196   Code   RO         2111    i.HAL_TIM_IRQHandler  stm32f4xx_hal_tim.o
    0x08002ba4   0x08002ba4   0x00000002   Code   RO         2114    i.HAL_TIM_OC_DelayElapsedCallback  stm32f4xx_hal_tim.o
    0x08002ba6   0x08002ba6   0x00000002   Code   RO         2141    i.HAL_TIM_PWM_PulseFinishedCallback  stm32f4xx_hal_tim.o
    0x08002ba8   0x08002ba8   0x00000018   Code   RO           14    i.HAL_TIM_PeriodElapsedCallback  main.o
    0x08002bc0   0x08002bc0   0x00000002   Code   RO         2154    i.HAL_TIM_TriggerCallback  stm32f4xx_hal_tim.o
    0x08002bc2   0x08002bc2   0x00000004   Code   RO          455    i.HardFault_Handler  stm32f4xx_it.o
    0x08002bc6   0x08002bc6   0x00000002   PAD
    0x08002bc8   0x08002bc8   0x00000048   Code   RO          312    i.MX_CAN1_Init      can.o
    0x08002c10   0x08002c10   0x00000038   Code   RO          313    i.MX_CAN2_Init      can.o
    0x08002c48   0x08002c48   0x00000020   Code   RO          412    i.MX_CRC_Init       crc.o
    0x08002c68   0x08002c68   0x00000020   Code   RO          251    i.MX_FREERTOS_Init  freertos.o
    0x08002c88   0x08002c88   0x00000114   Code   RO          227    i.MX_GPIO_Init      gpio.o
    0x08002d9c   0x08002d9c   0x00000004   Code   RO          456    i.MemManage_Handler  stm32f4xx_it.o
    0x08002da0   0x08002da0   0x000000d8   Code   RO         5228    i.MurmurHash3_x86_32  murmur3.o
    0x08002e78   0x08002e78   0x00000004   Code   RO          457    i.NMI_Handler       stm32f4xx_it.o
    0x08002e7c   0x08002e7c   0x00000018   Code   RO          252    i.StartDefaultTask  freertos.o
    0x08002e94   0x08002e94   0x00000016   Code   RO         4300    i.SysTick_Handler   cmsis_os2.o
    0x08002eaa   0x08002eaa   0x00000002   PAD
    0x08002eac   0x08002eac   0x000000b8   Code   RO           15    i.SystemClock_Config  main.o
    0x08002f64   0x08002f64   0x00000014   Code   RO         3105    i.SystemInit        system_stm32f4xx.o
    0x08002f78   0x08002f78   0x00000010   Code   RO          458    i.TIM1_UP_TIM10_IRQHandler  stm32f4xx_it.o
    0x08002f88   0x08002f88   0x000000d8   Code   RO         2156    i.TIM_Base_SetConfig  stm32f4xx_hal_tim.o
    0x08003060   0x08003060   0x00000004   Code   RO          459    i.UsageFault_Handler  stm32f4xx_it.o
    0x08003064   0x08003064   0x00000010   Code   RO         1621    i.__NVIC_GetPriorityGrouping  stm32f4xx_hal_cortex.o
    0x08003074   0x08003074   0x00000028   Code   RO         1622    i.__NVIC_SetPriority  stm32f4xx_hal_cortex.o
    0x0800309c   0x0800309c   0x00000006   Code   RO         4302    i.__get_IPSR        cmsis_os2.o
    0x080030a2   0x080030a2   0x00000006   Code   RO         3050    i.__set_PRIMASK     stm32f405_demo1_flash.o
    0x080030a8   0x080030a8   0x0000000c   Code   RO         5289    i.df_init           d_flash.o
    0x080030b4   0x080030b4   0x0000001e   Code   RO         5290    i.df_read           d_flash.o
    0x080030d2   0x080030d2   0x00000026   Code   RO         5291    i.df_write          d_flash.o
    0x080030f8   0x080030f8   0x00000094   Code   RO         3720    i.eTaskGetState     tasks.o
    0x0800318c   0x0800318c   0x00000020   Code   RO         5229    i.fmix32            murmur3.o
    0x080031ac   0x080031ac   0x00000068   Code   RO           16    i.main              main.o
    0x08003214   0x08003214   0x0000001e   Code   RO         4303    i.osDelay           cmsis_os2.o
    0x08003232   0x08003232   0x00000002   PAD
    0x08003234   0x08003234   0x0000002c   Code   RO         4317    i.osKernelInitialize  cmsis_os2.o
    0x08003260   0x08003260   0x00000060   Code   RO         4320    i.osKernelStart     cmsis_os2.o
    0x080032c0   0x080032c0   0x000000ba   Code   RO         4362    i.osThreadNew       cmsis_os2.o
    0x0800337a   0x0800337a   0x00000002   PAD
    0x0800337c   0x0800337c   0x0000007c   Code   RO         3722    i.prvAddCurrentTaskToDelayedList  tasks.o
    0x080033f8   0x080033f8   0x000000b8   Code   RO         3723    i.prvAddNewTaskToReadyList  tasks.o
    0x080034b0   0x080034b0   0x00000074   Code   RO         4113    i.prvCheckForValidListAndQueue  timers.o
    0x08003524   0x08003524   0x00000048   Code   RO         3724    i.prvCheckTasksWaitingTermination  tasks.o
    0x0800356c   0x0800356c   0x0000002a   Code   RO         3309    i.prvCopyDataFromQueue  queue.o
    0x08003596   0x08003596   0x0000007e   Code   RO         3310    i.prvCopyDataToQueue  queue.o
    0x08003614   0x08003614   0x00000050   Code   RO         3725    i.prvDeleteTCB      tasks.o
    0x08003664   0x08003664   0x00000028   Code   RO         4114    i.prvGetNextExpireTime  timers.o
    0x0800368c   0x0800368c   0x0000007c   Code   RO         4824    i.prvHeapInit       heap_4.o
    0x08003708   0x08003708   0x00000028   Code   RO         3726    i.prvIdleTask       tasks.o
    0x08003730   0x08003730   0x0000002a   Code   RO         3313    i.prvInitialiseNewQueue  queue.o
    0x0800375a   0x0800375a   0x000000be   Code   RO         3727    i.prvInitialiseNewTask  tasks.o
    0x08003818   0x08003818   0x00000068   Code   RO         3728    i.prvInitialiseTaskLists  tasks.o
    0x08003880   0x08003880   0x00000068   Code   RO         4825    i.prvInsertBlockIntoFreeList  heap_4.o
    0x080038e8   0x080038e8   0x00000058   Code   RO         4116    i.prvInsertTimerInActiveList  timers.o
    0x08003940   0x08003940   0x0000001a   Code   RO         3314    i.prvIsQueueEmpty   queue.o
    0x0800395a   0x0800395a   0x0000001e   Code   RO         3315    i.prvIsQueueFull    queue.o
    0x08003978   0x08003978   0x0000006a   Code   RO         3729    i.prvListTasksWithinSingleList  tasks.o
    0x080039e2   0x080039e2   0x00000002   PAD
    0x080039e4   0x080039e4   0x00000074   Code   RO         4117    i.prvProcessExpiredTimer  timers.o
    0x08003a58   0x08003a58   0x00000164   Code   RO         4118    i.prvProcessReceivedCommands  timers.o
    0x08003bbc   0x08003bbc   0x00000074   Code   RO         4119    i.prvProcessTimerOrBlockTask  timers.o
    0x08003c30   0x08003c30   0x00000034   Code   RO         3730    i.prvResetNextTaskUnblockTime  tasks.o
    0x08003c64   0x08003c64   0x0000002c   Code   RO         4120    i.prvSampleTimeNow  timers.o
    0x08003c90   0x08003c90   0x000000a4   Code   RO         4121    i.prvSwitchTimerLists  timers.o
    0x08003d34   0x08003d34   0x00000016   Code   RO         3731    i.prvTaskCheckFreeStackSpace  tasks.o
    0x08003d4a   0x08003d4a   0x00000002   PAD
    0x08003d4c   0x08003d4c   0x00000040   Code   RO         4880    i.prvTaskExitError  port.o
    0x08003d8c   0x08003d8c   0x0000001a   Code   RO         4122    i.prvTimerTask      timers.o
    0x08003da6   0x08003da6   0x0000007e   Code   RO         3316    i.prvUnlockQueue    queue.o
    0x08003e24   0x08003e24   0x0000002a   Code   RO         3733    i.prvWriteNameToBuffer  tasks.o
    0x08003e4e   0x08003e4e   0x00000002   PAD
    0x08003e50   0x08003e50   0x0000014c   Code   RO         4826    i.pvPortMalloc      heap_4.o
    0x08003f9c   0x08003f9c   0x0000002c   Code   RO         4881    i.pxPortInitialiseStack  port.o
    0x08003fc8   0x08003fc8   0x00000012   Code   RO         5231    i.rotl32            murmur3.o
    0x08003fda   0x08003fda   0x00000028   Code   RO         3269    i.uxListRemove      list.o
    0x08004002   0x08004002   0x00000002   PAD
    0x08004004   0x08004004   0x000000b0   Code   RO         3739    i.uxTaskGetSystemState  tasks.o
    0x080040b4   0x080040b4   0x00000018   Code   RO         4374    i.vApplicationGetIdleTaskMemory  cmsis_os2.o
    0x080040cc   0x080040cc   0x00000018   Code   RO         4375    i.vApplicationGetTimerTaskMemory  cmsis_os2.o
    0x080040e4   0x080040e4   0x00000002   Code   RO          253    i.vApplicationStackOverflowHook  freertos.o
    0x080040e6   0x080040e6   0x0000001a   Code   RO         3270    i.vListInitialise   list.o
    0x08004100   0x08004100   0x00000006   Code   RO         3271    i.vListInitialiseItem  list.o
    0x08004106   0x08004106   0x00000034   Code   RO         3272    i.vListInsert       list.o
    0x0800413a   0x0800413a   0x00000018   Code   RO         3273    i.vListInsertEnd    list.o
    0x08004152   0x08004152   0x00000002   PAD
    0x08004154   0x08004154   0x00000054   Code   RO         4883    i.vPortEnterCritical  port.o
    0x080041a8   0x080041a8   0x0000003c   Code   RO         4884    i.vPortExitCritical  port.o
    0x080041e4   0x080041e4   0x000000a4   Code   RO         4827    i.vPortFree         heap_4.o
    0x08004288   0x08004288   0x00000028   Code   RO         4885    i.vPortSetupTimerInterrupt  port.o
    0x080042b0   0x080042b0   0x00000078   Code   RO         4886    i.vPortValidateInterruptPriority  port.o
    0x08004328   0x08004328   0x0000002c   Code   RO         3322    i.vQueueAddToRegistry  queue.o
    0x08004354   0x08004354   0x0000004a   Code   RO         3326    i.vQueueWaitForMessageRestricted  queue.o
    0x0800439e   0x0800439e   0x00000002   PAD
    0x080043a0   0x080043a0   0x0000005c   Code   RO         3744    i.vTaskDelay        tasks.o
    0x080043fc   0x080043fc   0x00000084   Code   RO         3748    i.vTaskGetInfo      tasks.o
    0x08004480   0x08004480   0x00000018   Code   RO         3749    i.vTaskInternalSetTimeOutState  tasks.o
    0x08004498   0x08004498   0x000000dc   Code   RO         3750    i.vTaskList         tasks.o
    0x08004574   0x08004574   0x0000000c   Code   RO         3751    i.vTaskMissedYield  tasks.o
    0x08004580   0x08004580   0x00000038   Code   RO         3753    i.vTaskPlaceOnEventList  tasks.o
    0x080045b8   0x080045b8   0x00000040   Code   RO         3754    i.vTaskPlaceOnEventListRestricted  tasks.o
    0x080045f8   0x080045f8   0x000000b8   Code   RO         3762    i.vTaskStartScheduler  tasks.o
    0x080046b0   0x080046b0   0x00000010   Code   RO         3764    i.vTaskSuspendAll   tasks.o
    0x080046c0   0x080046c0   0x000000c4   Code   RO         3765    i.vTaskSwitchContext  tasks.o
    0x08004784   0x08004784   0x00000168   Code   RO         4887    i.xPortStartScheduler  port.o
    0x080048ec   0x080048ec   0x00000034   Code   RO         4888    i.xPortSysTickHandler  port.o
    0x08004920   0x08004920   0x000000e0   Code   RO         3332    i.xQueueGenericCreateStatic  queue.o
    0x08004a00   0x08004a00   0x00000098   Code   RO         3333    i.xQueueGenericReset  queue.o
    0x08004a98   0x08004a98   0x000001a8   Code   RO         3334    i.xQueueGenericSend  queue.o
    0x08004c40   0x08004c40   0x000000fc   Code   RO         3335    i.xQueueGenericSendFromISR  queue.o
    0x08004d3c   0x08004d3c   0x00000168   Code   RO         3344    i.xQueueReceive     queue.o
    0x08004ea4   0x08004ea4   0x0000008c   Code   RO         3767    i.xTaskCheckForTimeOut  tasks.o
    0x08004f30   0x08004f30   0x00000064   Code   RO         3768    i.xTaskCreate       tasks.o
    0x08004f94   0x08004f94   0x000000ba   Code   RO         3769    i.xTaskCreateStatic  tasks.o
    0x0800504e   0x0800504e   0x00000002   PAD
    0x08005050   0x08005050   0x00000020   Code   RO         3773    i.xTaskGetSchedulerState  tasks.o
    0x08005070   0x08005070   0x0000000c   Code   RO         3774    i.xTaskGetTickCount  tasks.o
    0x0800507c   0x0800507c   0x00000144   Code   RO         3776    i.xTaskIncrementTick  tasks.o
    0x080051c0   0x080051c0   0x000000a4   Code   RO         3779    i.xTaskPriorityDisinherit  tasks.o
    0x08005264   0x08005264   0x00000098   Code   RO         3781    i.xTaskRemoveFromEventList  tasks.o
    0x080052fc   0x080052fc   0x00000104   Code   RO         3782    i.xTaskResumeAll    tasks.o
    0x08005400   0x08005400   0x00000078   Code   RO         4131    i.xTimerCreateTimerTask  timers.o
    0x08005478   0x08005478   0x00000084   Code   RO         4132    i.xTimerGenericCommand  timers.o
    0x080054fc   0x080054fc   0x0000000a   Code   RO         5546    x$fpl$fpinit        fz_wm.l(fpinit.o)
    0x08005506   0x08005506   0x00000002   PAD
    0x08005508   0x08005508   0x00000024   Data   RO          255    .constdata          freertos.o
    0x0800552c   0x0800552c   0x00000018   Data   RO         3106    .constdata          system_stm32f4xx.o
    0x08005544   0x08005544   0x0000000c   Data   RO          256    .conststring        freertos.o
    0x08005550   0x08005550   0x00000020   Data   RO         5604    Region$$Table       anon$$obj.o


    Execution Region RW_IRAM1 (Exec base: 0x20000000, Load base: 0x08005570, Size: 0x0000ddd0, Max: 0x0001c000, ABSOLUTE)

    Exec Addr    Load Addr    Size         Type   Attr      Idx    E Section Name        Object

    0x20000000   0x08005570   0x00000004   Data   RW          257    .data               freertos.o
    0x20000004   0x08005574   0x0000000c   Data   RW          317    .data               can.o
    0x20000010   0x08005580   0x00000008   Data   RW          413    .data               crc.o
    0x20000018   0x08005588   0x00000009   Data   RW         1770    .data               stm32f4xx_hal.o
    0x20000021   0x08005591   0x00000003   PAD
    0x20000024   0x08005594   0x00000004   Data   RW         3107    .data               system_stm32f4xx.o
    0x20000028   0x08005598   0x00000040   Data   RW         3785    .data               tasks.o
    0x20000068   0x080055d8   0x00000014   Data   RW         4140    .data               timers.o
    0x2000007c   0x080055ec   0x00000004   Data   RW         4378    .data               cmsis_os2.o
    0x20000080   0x080055f0   0x00000020   Data   RW         4833    .data               heap_4.o
    0x200000a0   0x08005610   0x0000000c   Data   RW         4889    .data               port.o
    0x200000ac        -       0x00000200   Zero   RW          254    .bss                freertos.o
    0x200002ac        -       0x00000050   Zero   RW          315    .bss                can.o
    0x200002fc        -       0x00000048   Zero   RW          549    .bss                stm32f4xx_hal_timebase_tim.o
    0x20000344        -       0x00000020   Zero   RW          992    .bss                stm32f4xx_hal_flash.o
    0x20000364        -       0x00000040   Zero   RW         3348    .bss                queue.o
    0x200003a4        -       0x000004c4   Zero   RW         3784    .bss                tasks.o
    0x20000868        -       0x00000118   Zero   RW         4139    .bss                timers.o
    0x20000980        -       0x00000cc0   Zero   RW         4377    .bss                cmsis_os2.o
    0x20001640        -       0x0000b400   Zero   RW         4832    .bss                heap_4.o
    0x2000ca40        -       0x00000330   Zero   RW         5292    .bss                d_flash.o
    0x2000cd70        -       0x00000060   Zero   RW         5476    .bss                c_w.l(libspace.o)
    0x2000cdd0        -       0x00000800   Zero   RW            2    HEAP                startup_stm32f405xx.o
    0x2000d5d0        -       0x00000800   Zero   RW            1    STACK               startup_stm32f405xx.o


    Execution Region RW_IRAM2 (Exec base: 0x2001c000, Load base: 0x0800561c, Size: 0x00000000, Max: 0x00004000, ABSOLUTE)

    **** No section assigned to this execution region ****


==============================================================================

Image component sizes


      Code (inc. data)   RO Data    RW Data    ZI Data      Debug   Object Name

       660         56          0         12         80       4010   can.o
       432         36          0          4       3264      50655   cmsis_os2.o
        84         18          0          8          0       1507   crc.o
      1882         44          0          0        816      11155   d_flash.o
         0          0          0          0          0      19388   event_groups.o
        58         20         48          4        512       2373   freertos.o
       276         22          0          0          0       1067   gpio.o
       724         74          0         32      46080       4887   heap_4.o
       148          0          0          0          0       3586   list.o
       318         32          0          0          0     669172   main.o
       266         22          0          0          0       2753   murmur3.o
      1014         92          0         12          0      11737   port.o
      1922         20          0          0         64      17456   queue.o
        64         26        392          0       4096        824   startup_stm32f405xx.o
       314         58          0          0          0       8322   stm32f405_demo1_flash.o
        96         20          0          9          0       8102   stm32f4xx_hal.o
      1406          0          0          0          0      11557   stm32f4xx_hal_can.o
       252         22          0          0          0      33698   stm32f4xx_hal_cortex.o
        32          0          0          0          0       1043   stm32f4xx_hal_crc.o
       652         64          0          0         32       6014   stm32f4xx_hal_flash.o
       432         26          0          0          0       3274   stm32f4xx_hal_flash_ex.o
       500         46          0          0          0       1460   stm32f4xx_hal_gpio.o
        84          6          0          0          0        866   stm32f4xx_hal_msp.o
      1856         84          0          0          0       5714   stm32f4xx_hal_rcc.o
       902         76          0          0          0       6490   stm32f4xx_hal_tim.o
         4          0          0          0          0       1577   stm32f4xx_hal_tim_ex.o
       160         20          0          0         72       1439   stm32f4xx_hal_timebase_tim.o
        54         12          0          0          0       3850   stm32f4xx_it.o
         0          0          0          0          0       9388   stream_buffer.o
        20          6         24          4          0       1139   system_stm32f4xx.o
      3706        426          0         64       1220      33619   tasks.o
      1318        124          0         20        280      32835   timers.o

    ----------------------------------------------------------------------
     19662       1452        496        172      56516     970957   Object Totals
         0          0         32          0          0          0   (incl. Generated)
        26          0          0          3          0          0   (incl. Padding)

    ----------------------------------------------------------------------

      Code (inc. data)   RO Data    RW Data    ZI Data      Debug   Library Member Name

         8          0          0          0          0         68   __main.o
       104          0          0          0          0         84   __printf.o
         0          0          0          0          0          0   __rtentry.o
        12          0          0          0          0          0   __rtentry2.o
         6          0          0          0          0          0   __rtentry4.o
        52          8          0          0          0          0   __scatter.o
        26          0          0          0          0          0   __scatter_copy.o
        28          0          0          0          0          0   __scatter_zi.o
         6          0          0          0          0          0   _printf_c.o
        44          0          0          0          0        108   _printf_char.o
        48          6          0          0          0         96   _printf_char_common.o
       120         16          0          0          0         92   _printf_dec.o
       178          0          0          0          0         88   _printf_intcommon.o
         0          0          0          0          0          0   _printf_percent.o
         4          0          0          0          0          0   _printf_percent_end.o
        82          0          0          0          0         80   _printf_str.o
         6          0          0          0          0          0   _printf_u.o
        10          0          0          0          0         68   _sputc.o
        16          0          0          0          0         68   aeabi_memset.o
        18          0          0          0          0         80   exit.o
         6          0          0          0          0        152   heapauxi.o
         0          0          0          0          0          0   indicate_semi.o
         2          0          0          0          0          0   libinit.o
         6          0          0          0          0          0   libinit2.o
         2          0          0          0          0          0   libshutdown.o
         2          0          0          0          0          0   libshutdown2.o
         8          4          0          0         96         68   libspace.o
       238          0          0          0          0        100   lludivv7m.o
        40          6          0          0          0         84   noretval__2sprintf.o
        68          0          0          0          0         68   rt_memclr.o
        78          0          0          0          0         80   rt_memclr_w.o
       138          0          0          0          0         68   rt_memcpy_v6.o
       100          0          0          0          0         80   rt_memcpy_w.o
         2          0          0          0          0          0   rtexit.o
        10          0          0          0          0          0   rtexit2.o
        72          0          0          0          0         80   strcpy.o
        62          0          0          0          0         76   strlen.o
        12          4          0          0          0         68   sys_exit.o
        74          0          0          0          0         80   sys_stackheap_outer.o
         2          0          0          0          0         68   use_no_semi.o
        10          0          0          0          0        116   fpinit.o

    ----------------------------------------------------------------------
      1714         44          0          0         96       2020   Library Totals
        14          0          0          0          0          0   (incl. Padding)

    ----------------------------------------------------------------------

      Code (inc. data)   RO Data    RW Data    ZI Data      Debug   Library Name

      1690         44          0          0         96       1904   c_w.l
        10          0          0          0          0        116   fz_wm.l

    ----------------------------------------------------------------------
      1714         44          0          0         96       2020   Library Totals

    ----------------------------------------------------------------------

==============================================================================


      Code (inc. data)   RO Data    RW Data    ZI Data      Debug   

     21376       1496        496        172      56612     954289   Grand Totals
     21376       1496        496        172      56612     954289   ELF Image Totals
     21376       1496        496        172          0          0   ROM Totals

==============================================================================

    Total RO  Size (Code + RO Data)                21872 (  21.36kB)
    Total RW  Size (RW Data + ZI Data)             56784 (  55.45kB)
    Total ROM Size (Code + RO Data + RW Data)      22044 (  21.53kB)

==============================================================================

